Archive member included to satisfy reference by file (symbol)

../../Middlewares/ST/AI/Lib/NetworkRuntime511_CM7_GCC.a(ai_platform_interface.o)
                              Application/User/network.o (ai_platform_runtime_get_revision)
../../Middlewares/ST/AI/Lib/NetworkRuntime511_CM7_GCC.a(core_mem_manager.o)
                              ../../Middlewares/ST/AI/Lib/NetworkRuntime511_CM7_GCC.a(ai_platform_interface.o) (core_mem_alloc)
../../Middlewares/ST/AI/Lib/NetworkRuntime511_CM7_GCC.a(core_common.o)
                              ../../Middlewares/ST/AI/Lib/NetworkRuntime511_CM7_GCC.a(ai_platform_interface.o) (core_init)
../../Middlewares/ST/AI/Lib/NetworkRuntime511_CM7_GCC.a(layers_conv2d_generic_float.o)
                              Application/User/network.o (forward_dense)
../../Middlewares/ST/AI/Lib/NetworkRuntime511_CM7_GCC.a(layers.o)
                              ../../Middlewares/ST/AI/Lib/NetworkRuntime511_CM7_GCC.a(ai_platform_interface.o) (ai_check_custom_types)
../../Middlewares/ST/AI/Lib/NetworkRuntime511_CM7_GCC.a(arm_mat_init_f32.o)
                              ../../Middlewares/ST/AI/Lib/NetworkRuntime511_CM7_GCC.a(layers_conv2d_generic_float.o) (arm_mat_init_f32)
../../Middlewares/ST/AI/Lib/NetworkRuntime511_CM7_GCC.a(ai_datatypes_format.o)
                              ../../Middlewares/ST/AI/Lib/NetworkRuntime511_CM7_GCC.a(ai_platform_interface.o) (ai_array_to_buffer_fmt)
/opt/st/stm32cubeide_1.2.0/plugins/com.st.stm32cube.ide.mcu.externaltools.gnu-tools-for-stm32.7-2018-q2-update.linux64_1.0.0.201904181610/tools/bin/../lib/gcc/arm-none-eabi/7.3.1/../../../../arm-none-eabi/lib/thumb/v7e-m/fpv5/hard/libc_nano.a(lib_a-errno.o)
                              Application/User/aiSystemPerformance.o (__errno)
/opt/st/stm32cubeide_1.2.0/plugins/com.st.stm32cube.ide.mcu.externaltools.gnu-tools-for-stm32.7-2018-q2-update.linux64_1.0.0.201904181610/tools/bin/../lib/gcc/arm-none-eabi/7.3.1/../../../../arm-none-eabi/lib/thumb/v7e-m/fpv5/hard/libc_nano.a(lib_a-exit.o)
                              /opt/st/stm32cubeide_1.2.0/plugins/com.st.stm32cube.ide.mcu.externaltools.gnu-tools-for-stm32.7-2018-q2-update.linux64_1.0.0.201904181610/tools/bin/../lib/gcc/arm-none-eabi/7.3.1/../../../../arm-none-eabi/lib/thumb/v7e-m/fpv5/hard/crt0.o (exit)
/opt/st/stm32cubeide_1.2.0/plugins/com.st.stm32cube.ide.mcu.externaltools.gnu-tools-for-stm32.7-2018-q2-update.linux64_1.0.0.201904181610/tools/bin/../lib/gcc/arm-none-eabi/7.3.1/../../../../arm-none-eabi/lib/thumb/v7e-m/fpv5/hard/libc_nano.a(lib_a-fflush.o)
                              Application/User/aiSystemPerformance.o (fflush)
/opt/st/stm32cubeide_1.2.0/plugins/com.st.stm32cube.ide.mcu.externaltools.gnu-tools-for-stm32.7-2018-q2-update.linux64_1.0.0.201904181610/tools/bin/../lib/gcc/arm-none-eabi/7.3.1/../../../../arm-none-eabi/lib/thumb/v7e-m/fpv5/hard/libc_nano.a(lib_a-findfp.o)
                              /opt/st/stm32cubeide_1.2.0/plugins/com.st.stm32cube.ide.mcu.externaltools.gnu-tools-for-stm32.7-2018-q2-update.linux64_1.0.0.201904181610/tools/bin/../lib/gcc/arm-none-eabi/7.3.1/../../../../arm-none-eabi/lib/thumb/v7e-m/fpv5/hard/libc_nano.a(lib_a-fflush.o) (__sinit)
/opt/st/stm32cubeide_1.2.0/plugins/com.st.stm32cube.ide.mcu.externaltools.gnu-tools-for-stm32.7-2018-q2-update.linux64_1.0.0.201904181610/tools/bin/../lib/gcc/arm-none-eabi/7.3.1/../../../../arm-none-eabi/lib/thumb/v7e-m/fpv5/hard/libc_nano.a(lib_a-fwalk.o)
                              /opt/st/stm32cubeide_1.2.0/plugins/com.st.stm32cube.ide.mcu.externaltools.gnu-tools-for-stm32.7-2018-q2-update.linux64_1.0.0.201904181610/tools/bin/../lib/gcc/arm-none-eabi/7.3.1/../../../../arm-none-eabi/lib/thumb/v7e-m/fpv5/hard/libc_nano.a(lib_a-findfp.o) (_fwalk)
/opt/st/stm32cubeide_1.2.0/plugins/com.st.stm32cube.ide.mcu.externaltools.gnu-tools-for-stm32.7-2018-q2-update.linux64_1.0.0.201904181610/tools/bin/../lib/gcc/arm-none-eabi/7.3.1/../../../../arm-none-eabi/lib/thumb/v7e-m/fpv5/hard/libc_nano.a(lib_a-impure.o)
                              /opt/st/stm32cubeide_1.2.0/plugins/com.st.stm32cube.ide.mcu.externaltools.gnu-tools-for-stm32.7-2018-q2-update.linux64_1.0.0.201904181610/tools/bin/../lib/gcc/arm-none-eabi/7.3.1/../../../../arm-none-eabi/lib/thumb/v7e-m/fpv5/hard/libc_nano.a(lib_a-exit.o) (_global_impure_ptr)
/opt/st/stm32cubeide_1.2.0/plugins/com.st.stm32cube.ide.mcu.externaltools.gnu-tools-for-stm32.7-2018-q2-update.linux64_1.0.0.201904181610/tools/bin/../lib/gcc/arm-none-eabi/7.3.1/../../../../arm-none-eabi/lib/thumb/v7e-m/fpv5/hard/libc_nano.a(lib_a-init.o)
                              /opt/st/stm32cubeide_1.2.0/plugins/com.st.stm32cube.ide.mcu.externaltools.gnu-tools-for-stm32.7-2018-q2-update.linux64_1.0.0.201904181610/tools/bin/../lib/gcc/arm-none-eabi/7.3.1/../../../../arm-none-eabi/lib/thumb/v7e-m/fpv5/hard/crt0.o (__libc_init_array)
[...]
Memory Configuration

Name             Origin             Length             Attributes
DTCMRAM          0x0000000020000000 0x0000000000020000 xrw
ITCMRAM          0x0000000000000000 0x0000000000010000 xrw
RAM_D1           0x0000000024000000 0x0000000000080000 xrw
RAM_D2           0x0000000030000000 0x0000000000048000 xrw
RAM_D3           0x0000000038000000 0x0000000000010000 xrw
FLASH            0x0000000008000000 0x0000000000200000 xr
*default*        0x0000000000000000 0xffffffffffffffff

Linker script and memory map

LOAD /opt/st/stm32cubeide_1.2.0/plugins/com.st.stm32cube.ide.mcu.externaltools.gnu-tools-for-stm32.7-2018-q2-update.linux64_1.0.0.201904181610/tools/bin/../lib/gcc/arm-none-eabi/7.3.1/thumb/v7e-m/fpv5/hard/crti.o
LOAD /opt/st/stm32cubeide_1.2.0/plugins/com.st.stm32cube.ide.mcu.externaltools.gnu-tools-for-stm32.7-2018-q2-update.linux64_1.0.0.201904181610/tools/bin/../lib/gcc/arm-none-eabi/7.3.1/thumb/v7e-m/fpv5/hard/crtbegin.o
LOAD /opt/st/stm32cubeide_1.2.0/plugins/com.st.stm32cube.ide.mcu.externaltools.gnu-tools-for-stm32.7-2018-q2-update.linux64_1.0.0.201904181610/tools/bin/../lib/gcc/arm-none-eabi/7.3.1/../../../../arm-none-eabi/lib/thumb/v7e-m/fpv5/hard/crt0.o
LOAD Application/Startup/startup_stm32h743zitx.o
LOAD Application/User/aiSystemPerformance.o
LOAD Application/User/app_x-cube-ai.o
LOAD Application/User/main.o
LOAD Application/User/network.o
LOAD Application/User/network_data.o
LOAD Application/User/stm32h7xx_hal_msp.o
LOAD Application/User/stm32h7xx_it.o
LOAD Application/User/syscalls.o
LOAD Application/User/sysmem.o
LOAD Drivers/CMSIS/system_stm32h7xx.o
LOAD Drivers/STM32H7xx_HAL_Driver/stm32h7xx_hal.o
LOAD Drivers/STM32H7xx_HAL_Driver/stm32h7xx_hal_cortex.o
LOAD Drivers/STM32H7xx_HAL_Driver/stm32h7xx_hal_crc.o
LOAD Drivers/STM32H7xx_HAL_Driver/stm32h7xx_hal_crc_ex.o
LOAD Drivers/STM32H7xx_HAL_Driver/stm32h7xx_hal_dma.o
LOAD Drivers/STM32H7xx_HAL_Driver/stm32h7xx_hal_dma_ex.o
LOAD Drivers/STM32H7xx_HAL_Driver/stm32h7xx_hal_eth.o
LOAD Drivers/STM32H7xx_HAL_Driver/stm32h7xx_hal_eth_ex.o
LOAD Drivers/STM32H7xx_HAL_Driver/stm32h7xx_hal_exti.o
LOAD Drivers/STM32H7xx_HAL_Driver/stm32h7xx_hal_flash.o
LOAD Drivers/STM32H7xx_HAL_Driver/stm32h7xx_hal_flash_ex.o
LOAD Drivers/STM32H7xx_HAL_Driver/stm32h7xx_hal_gpio.o
LOAD Drivers/STM32H7xx_HAL_Driver/stm32h7xx_hal_hsem.o
LOAD Drivers/STM32H7xx_HAL_Driver/stm32h7xx_hal_i2c.o
LOAD Drivers/STM32H7xx_HAL_Driver/stm32h7xx_hal_i2c_ex.o
LOAD Drivers/STM32H7xx_HAL_Driver/stm32h7xx_hal_mdma.o
LOAD Drivers/STM32H7xx_HAL_Driver/stm32h7xx_hal_pcd.o
LOAD Drivers/STM32H7xx_HAL_Driver/stm32h7xx_hal_pcd_ex.o
LOAD Drivers/STM32H7xx_HAL_Driver/stm32h7xx_hal_pwr.o
LOAD Drivers/STM32H7xx_HAL_Driver/stm32h7xx_hal_pwr_ex.o
LOAD Drivers/STM32H7xx_HAL_Driver/stm32h7xx_hal_rcc.o
LOAD Drivers/STM32H7xx_HAL_Driver/stm32h7xx_hal_rcc_ex.o
LOAD Drivers/STM32H7xx_HAL_Driver/stm32h7xx_hal_tim.o
LOAD Drivers/STM32H7xx_HAL_Driver/stm32h7xx_hal_tim_ex.o
LOAD Drivers/STM32H7xx_HAL_Driver/stm32h7xx_hal_uart.o
LOAD Drivers/STM32H7xx_HAL_Driver/stm32h7xx_hal_uart_ex.o
LOAD Drivers/STM32H7xx_HAL_Driver/stm32h7xx_ll_usb.o
LOAD ../../Middlewares/ST/AI/Lib/NetworkRuntime511_CM7_GCC.a
START GROUP
LOAD /opt/st/stm32cubeide_1.2.0/plugins/com.st.stm32cube.ide.mcu.externaltools.gnu-tools-for-stm32.7-2018-q2-update.linux64_1.0.0.201904181610/tools/bin/../lib/gcc/arm-none-eabi/7.3.1/../../../../arm-none-eabi/lib/thumb/v7e-m/fpv5/hard/libc_nano.a
LOAD /opt/st/stm32cubeide_1.2.0/plugins/com.st.stm32cube.ide.mcu.externaltools.gnu-tools-for-stm32.7-2018-q2-update.linux64_1.0.0.201904181610/tools/bin/../lib/gcc/arm-none-eabi/7.3.1/../../../../arm-none-eabi/lib/thumb/v7e-m/fpv5/hard/libm.a
END GROUP
START GROUP
LOAD /opt/st/stm32cubeide_1.2.0/plugins/com.st.stm32cube.ide.mcu.externaltools.gnu-tools-for-stm32.7-2018-q2-update.linux64_1.0.0.201904181610/tools/bin/../lib/gcc/arm-none-eabi/7.3.1/thumb/v7e-m/fpv5/hard/libgcc.a
LOAD /opt/st/stm32cubeide_1.2.0/plugins/com.st.stm32cube.ide.mcu.externaltools.gnu-tools-for-stm32.7-2018-q2-update.linux64_1.0.0.201904181610/tools/bin/../lib/gcc/arm-none-eabi/7.3.1/../../../../arm-none-eabi/lib/thumb/v7e-m/fpv5/hard/libc_nano.a
END GROUP
START GROUP
LOAD /opt/st/stm32cubeide_1.2.0/plugins/com.st.stm32cube.ide.mcu.externaltools.gnu-tools-for-stm32.7-2018-q2-update.linux64_1.0.0.201904181610/tools/bin/../lib/gcc/arm-none-eabi/7.3.1/thumb/v7e-m/fpv5/hard/libgcc.a
LOAD /opt/st/stm32cubeide_1.2.0/plugins/com.st.stm32cube.ide.mcu.externaltools.gnu-tools-for-stm32.7-2018-q2-update.linux64_1.0.0.201904181610/tools/bin/../lib/gcc/arm-none-eabi/7.3.1/../../../../arm-none-eabi/lib/thumb/v7e-m/fpv5/hard/libc_nano.a
LOAD /opt/st/stm32cubeide_1.2.0/plugins/com.st.stm32cube.ide.mcu.externaltools.gnu-tools-for-stm32.7-2018-q2-update.linux64_1.0.0.201904181610/tools/bin/../lib/gcc/arm-none-eabi/7.3.1/../../../../arm-none-eabi/lib/thumb/v7e-m/fpv5/hard/libnosys.a
END GROUP
START GROUP
LOAD /opt/st/stm32cubeide_1.2.0/plugins/com.st.stm32cube.ide.mcu.externaltools.gnu-tools-for-stm32.7-2018-q2-update.linux64_1.0.0.201904181610/tools/bin/../lib/gcc/arm-none-eabi/7.3.1/thumb/v7e-m/fpv5/hard/libgcc.a
LOAD /opt/st/stm32cubeide_1.2.0/plugins/com.st.stm32cube.ide.mcu.externaltools.gnu-tools-for-stm32.7-2018-q2-update.linux64_1.0.0.201904181610/tools/bin/../lib/gcc/arm-none-eabi/7.3.1/../../../../arm-none-eabi/lib/thumb/v7e-m/fpv5/hard/libc_nano.a
LOAD /opt/st/stm32cubeide_1.2.0/plugins/com.st.stm32cube.ide.mcu.externaltools.gnu-tools-for-stm32.7-2018-q2-update.linux64_1.0.0.201904181610/tools/bin/../lib/gcc/arm-none-eabi/7.3.1/../../../../arm-none-eabi/lib/thumb/v7e-m/fpv5/hard/libnosys.a
END GROUP
LOAD /opt/st/stm32cubeide_1.2.0/plugins/com.st.stm32cube.ide.mcu.externaltools.gnu-tools-for-stm32.7-2018-q2-update.linux64_1.0.0.201904181610/tools/bin/../lib/gcc/arm-none-eabi/7.3.1/thumb/v7e-m/fpv5/hard/crtend.o
LOAD /opt/st/stm32cubeide_1.2.0/plugins/com.st.stm32cube.ide.mcu.externaltools.gnu-tools-for-stm32.7-2018-q2-update.linux64_1.0.0.201904181610/tools/bin/../lib/gcc/arm-none-eabi/7.3.1/thumb/v7e-m/fpv5/hard/crtn.o
                0x0000000024080000                _estack = (ORIGIN (RAM_D1) + LENGTH (RAM_D1))
                0x0000000000000200                _Min_Heap_Size = 0x200
                0x0000000000000800                _Min_Stack_Size = 0x800

.isr_vector     0x0000000008000000      0x298
                0x0000000008000000                . = ALIGN (0x4)
 *(.isr_vector)
 .isr_vector    0x0000000008000000      0x298 Application/Startup/startup_stm32h743zitx.o
                0x0000000008000000                g_pfnVectors
                0x0000000008000298                . = ALIGN (0x4)

.text           0x00000000080002a0     0xd7e8
                0x00000000080002a0                . = ALIGN (0x4)
 *(.text)
 .text          0x00000000080002a0       0x40 /opt/st/stm32cubeide_1.2.0/plugins/com.st.stm32cube.ide.mcu.externaltools.gnu-tools-for-stm32.7-2018-q2-update.linux64_1.0.0.201904181610/tools/bin/../lib/gcc/arm-none-eabi/7.3.1/thumb/v7e-m/fpv5/hard/crtbegin.o
 .text          0x00000000080002e0       0x10 /opt/st/stm32cubeide_1.2.0/plugins/com.st.stm32cube.ide.mcu.externaltools.gnu-tools-for-stm32.7-2018-q2-update.linux64_1.0.0.201904181610/tools/bin/../lib/gcc/arm-none-eabi/7.3.1/../../../../arm-none-eabi/lib/thumb/v7e-m/fpv5/hard/libc_nano.a(lib_a-strlen.o)
                0x00000000080002e0                strlen
 .text          0x00000000080002f0       0xa0 /opt/st/stm32cubeide_1.2.0/plugins/com.st.stm32cube.ide.mcu.externaltools.gnu-tools-for-stm32.7-2018-q2-update.linux64_1.0.0.201904181610/tools/bin/../lib/gcc/arm-none-eabi/7.3.1/../../../../arm-none-eabi/lib/thumb/v7e-m/fpv5/hard/libc_nano.a(lib_a-memchr.o)
                0x00000000080002f0                memchr
 .text          0x0000000008000390       0x30 /opt/st/stm32cubeide_1.2.0/plugins/com.st.stm32cube.ide.mcu.externaltools.gnu-tools-for-stm32.7-2018-q2-update.linux64_1.0.0.201904181610/tools/bin/../lib/gcc/arm-none-eabi/7.3.1/thumb/v7e-m/fpv5/hard/libgcc.a(_aeabi_uldivmod.o)
                0x0000000008000390                __aeabi_uldivmod
 .text          0x00000000080003c0      0x2cc /opt/st/stm32cubeide_1.2.0/plugins/com.st.stm32cube.ide.mcu.externaltools.gnu-tools-for-stm32.7-2018-q2-update.linux64_1.0.0.201904181610/tools/bin/../lib/gcc/arm-none-eabi/7.3.1/thumb/v7e-m/fpv5/hard/libgcc.a(_udivmoddi4.o)
                0x00000000080003c0                __udivmoddi4
 .text          0x000000000800068c        0x4 /opt/st/stm32cubeide_1.2.0/plugins/com.st.stm32cube.ide.mcu.externaltools.gnu-tools-for-stm32.7-2018-q2-update.linux64_1.0.0.201904181610/tools/bin/../lib/gcc/arm-none-eabi/7.3.1/thumb/v7e-m/fpv5/hard/libgcc.a(_dvmd_tls.o)
                0x000000000800068c                __aeabi_ldiv0
                0x000000000800068c                __aeabi_idiv0
 *(.text*)
 .text.Reset_Handler
                0x0000000008000690       0x50 Application/Startup/startup_stm32h743zitx.o
                0x0000000008000690                Reset_Handler
 .text.Default_Handler
                0x00000000080006e0        0x2 Application/Startup/startup_stm32h743zitx.o
                0x00000000080006e0                RTC_Alarm_IRQHandler
                0x00000000080006e0                EXTI2_IRQHandler
                0x00000000080006e0                TIM8_CC_IRQHandler
                0x00000000080006e0                HRTIM1_Master_IRQHandler
                0x00000000080006e0                UART8_IRQHandler
                0x00000000080006e0                SPI4_IRQHandler
                0x00000000080006e0                TIM1_CC_IRQHandler
                0x00000000080006e0                BDMA_Channel6_IRQHandler
                0x00000000080006e0                DMA2_Stream5_IRQHandler
                0x00000000080006e0                HRTIM1_FLT_IRQHandler
                0x00000000080006e0                JPEG_IRQHandler
                0x00000000080006e0                DMA1_Stream5_IRQHandler
                0x00000000080006e0                BDMA_Channel1_IRQHandler
                0x00000000080006e0                HRTIM1_TIMD_IRQHandler
                0x00000000080006e0                TAMP_STAMP_IRQHandler
                0x00000000080006e0                EXTI3_IRQHandler
                0x00000000080006e0                LPTIM4_IRQHandler
                0x00000000080006e0                TIM8_TRG_COM_TIM14_IRQHandler
                0x00000000080006e0                LPTIM2_IRQHandler
                0x00000000080006e0                DFSDM1_FLT1_IRQHandler
                0x00000000080006e0                DMAMUX2_OVR_IRQHandler
                0x00000000080006e0                TIM8_UP_TIM13_IRQHandler
                0x00000000080006e0                I2C3_ER_IRQHandler
                0x00000000080006e0                DFSDM1_FLT2_IRQHandler
                0x00000000080006e0                MDMA_IRQHandler
                0x00000000080006e0                LPTIM3_IRQHandler
                0x00000000080006e0                HSEM1_IRQHandler
                0x00000000080006e0                EXTI0_IRQHandler
                0x00000000080006e0                I2C2_EV_IRQHandler
                0x00000000080006e0                DMA1_Stream2_IRQHandler
                0x00000000080006e0                FPU_IRQHandler
                0x00000000080006e0                OTG_HS_WKUP_IRQHandler
                0x00000000080006e0                FDCAN1_IT1_IRQHandler
                0x00000000080006e0                LTDC_ER_IRQHandler
                0x00000000080006e0                DMA2_Stream2_IRQHandler
                0x00000000080006e0                HRTIM1_TIME_IRQHandler
                0x00000000080006e0                SPI1_IRQHandler
                0x00000000080006e0                TIM6_DAC_IRQHandler
                0x00000000080006e0                DCMI_IRQHandler
                0x00000000080006e0                HRTIM1_TIMC_IRQHandler
                0x00000000080006e0                DMA2_Stream3_IRQHandler
                0x00000000080006e0                SAI2_IRQHandler
                0x00000000080006e0                DFSDM1_FLT3_IRQHandler
                0x00000000080006e0                USART6_IRQHandler
                0x00000000080006e0                TIM17_IRQHandler
                0x00000000080006e0                USART3_IRQHandler
                0x00000000080006e0                BDMA_Channel7_IRQHandler
                0x00000000080006e0                LPTIM5_IRQHandler
                0x00000000080006e0                UART5_IRQHandler
                0x00000000080006e0                ADC3_IRQHandler
                0x00000000080006e0                DMA2_Stream0_IRQHandler
                0x00000000080006e0                TIM4_IRQHandler
                0x00000000080006e0                BDMA_Channel2_IRQHandler
                0x00000000080006e0                QUADSPI_IRQHandler
                0x00000000080006e0                I2C1_EV_IRQHandler
                0x00000000080006e0                DMA1_Stream6_IRQHandler
                0x00000000080006e0                DMAMUX1_OVR_IRQHandler
                0x00000000080006e0                DMA1_Stream1_IRQHandler
                0x00000000080006e0                TIM16_IRQHandler
                0x00000000080006e0                UART4_IRQHandler
                0x00000000080006e0                BDMA_Channel5_IRQHandler
                0x00000000080006e0                TIM3_IRQHandler
                0x00000000080006e0                RCC_IRQHandler
                0x00000000080006e0                TIM8_BRK_TIM12_IRQHandler
                0x00000000080006e0                TIM1_TRG_COM_IRQHandler
                0x00000000080006e0                Default_Handler
                0x00000000080006e0                ECC_IRQHandler
                0x00000000080006e0                CEC_IRQHandler
                0x00000000080006e0                EXTI15_10_IRQHandler
                0x00000000080006e0                BDMA_Channel0_IRQHandler
                0x00000000080006e0                ADC_IRQHandler
                0x00000000080006e0                DMA1_Stream7_IRQHandler
                0x00000000080006e0                HRTIM1_TIMA_IRQHandler
                0x00000000080006e0                SPI5_IRQHandler
                0x00000000080006e0                TIM7_IRQHandler
                0x00000000080006e0                SDMMC1_IRQHandler
                0x00000000080006e0                TIM5_IRQHandler
                0x00000000080006e0                DMA2_Stream7_IRQHandler
                0x00000000080006e0                TIM15_IRQHandler
                0x00000000080006e0                PVD_AVD_IRQHandler
                0x00000000080006e0                I2C3_EV_IRQHandler
                0x00000000080006e0                EXTI9_5_IRQHandler
                0x00000000080006e0                RTC_WKUP_IRQHandler
                0x00000000080006e0                LTDC_IRQHandler
                0x00000000080006e0                SAI3_IRQHandler
                0x00000000080006e0                ETH_WKUP_IRQHandler
                0x00000000080006e0                SPDIF_RX_IRQHandler
                0x00000000080006e0                SPI2_IRQHandler
                0x00000000080006e0                OTG_HS_EP1_IN_IRQHandler
                0x00000000080006e0                DMA1_Stream0_IRQHandler
                0x00000000080006e0                CRS_IRQHandler
                0x00000000080006e0                EXTI4_IRQHandler
                0x00000000080006e0                RNG_IRQHandler
                0x00000000080006e0                HRTIM1_TIMB_IRQHandler
                0x00000000080006e0                FDCAN2_IT1_IRQHandler
                0x00000000080006e0                ETH_IRQHandler
                0x00000000080006e0                TIM1_UP_IRQHandler
                0x00000000080006e0                BDMA_Channel4_IRQHandler
                0x00000000080006e0                OTG_HS_EP1_OUT_IRQHandler
                0x00000000080006e0                WWDG_IRQHandler
                0x00000000080006e0                SPI6_IRQHandler
                0x00000000080006e0                MDIOS_IRQHandler
                0x00000000080006e0                I2C4_EV_IRQHandler
                0x00000000080006e0                FDCAN2_IT0_IRQHandler
                0x00000000080006e0                LPUART1_IRQHandler
                0x00000000080006e0                FDCAN1_IT0_IRQHandler
                0x00000000080006e0                TIM2_IRQHandler
                0x00000000080006e0                OTG_FS_WKUP_IRQHandler
                0x00000000080006e0                OTG_HS_IRQHandler
                0x00000000080006e0                DMA2D_IRQHandler
                0x00000000080006e0                TIM1_BRK_IRQHandler
                0x00000000080006e0                EXTI1_IRQHandler
                0x00000000080006e0                SDMMC2_IRQHandler
                0x00000000080006e0                OTG_FS_EP1_OUT_IRQHandler
                0x00000000080006e0                BDMA_Channel3_IRQHandler
                0x00000000080006e0                UART7_IRQHandler
                0x00000000080006e0                MDIOS_WKUP_IRQHandler
                0x00000000080006e0                USART2_IRQHandler
                0x00000000080006e0                DFSDM1_FLT0_IRQHandler
                0x00000000080006e0                SAI4_IRQHandler
                0x00000000080006e0                I2C2_ER_IRQHandler
                0x00000000080006e0                DMA2_Stream1_IRQHandler
                0x00000000080006e0                FLASH_IRQHandler
                0x00000000080006e0                DMA2_Stream4_IRQHandler
                0x00000000080006e0                USART1_IRQHandler
                0x00000000080006e0                OTG_FS_IRQHandler
                0x00000000080006e0                SPI3_IRQHandler
                0x00000000080006e0                WAKEUP_PIN_IRQHandler
                0x00000000080006e0                DMA1_Stream4_IRQHandler
                0x00000000080006e0                OTG_FS_EP1_IN_IRQHandler
                0x00000000080006e0                I2C1_ER_IRQHandler
                0x00000000080006e0                FMC_IRQHandler
                0x00000000080006e0                FDCAN_CAL_IRQHandler
                0x00000000080006e0                SWPMI1_IRQHandler
                0x00000000080006e0                COMP1_IRQHandler
                0x00000000080006e0                LPTIM1_IRQHandler
                0x00000000080006e0                I2C4_ER_IRQHandler
                0x00000000080006e0                DMA2_Stream6_IRQHandler
                0x00000000080006e0                SAI1_IRQHandler
                0x00000000080006e0                DMA1_Stream3_IRQHandler
 *fill*         0x00000000080006e2        0x2 
 .text.crcIpInit
                0x00000000080006e4       0x34 Application/User/aiSystemPerformance.o
 .text.dwtIpInit
                0x0000000008000718       0x38 Application/User/aiSystemPerformance.o
 .text.dwtReset
                0x0000000008000750       0x18 Application/User/aiSystemPerformance.o
 .text.dwtGetCycles
                0x0000000008000768       0x18 Application/User/aiSystemPerformance.o
 .text.cyclesCounterInit
                0x0000000008000780       0x3c Application/User/aiSystemPerformance.o
 .text.systemCoreClock
                0x00000000080007bc        0xe Application/User/aiSystemPerformance.o
 .text.dwtCyclesToTime
                0x00000000080007ca      0x266 Application/User/aiSystemPerformance.o
 .text.devIdToStr
                0x0000000008000a30      0x22c Application/User/aiSystemPerformance.o
 .text.bitToStr
                0x0000000008000c5c       0x28 Application/User/aiSystemPerformance.o
 .text.logDeviceConf
                0x0000000008000c84      0x14c Application/User/aiSystemPerformance.o
 .text._write   0x0000000008000dd0       0x5c Application/User/aiSystemPerformance.o
                0x0000000008000dd0                _write
 .text.aiLogErr
                0x0000000008000e2c       0x48 Application/User/aiSystemPerformance.o
 .text.aiPrintLayoutBuffer
                0x0000000008000e74      0x3e8 Application/User/aiSystemPerformance.o
 .text.aiPrintNetworkInfo
                0x000000000800125c      0x1b4 Application/User/aiSystemPerformance.o
 .text.aiBootstrap
                0x0000000008001410      0x1d0 Application/User/aiSystemPerformance.o
 .text.aiInit   0x00000000080015e0       0x60 Application/User/aiSystemPerformance.o
 .text.aiSystemPerformanceInit
                0x0000000008001640       0x5c Application/User/aiSystemPerformance.o
                0x0000000008001640                aiSystemPerformanceInit
 .text.aiSystemPerformanceProcess
                0x000000000800169c      0x19c Application/User/aiSystemPerformance.o
                0x000000000800169c                aiSystemPerformanceProcess
 .text.MX_X_CUBE_AI_Init
                0x0000000008001838       0x10 Application/User/app_x-cube-ai.o
                0x0000000008001838                MX_X_CUBE_AI_Init
 .text.MX_X_CUBE_AI_Process
                0x0000000008001848       0x14 Application/User/app_x-cube-ai.o
                0x0000000008001848                MX_X_CUBE_AI_Process
 .text.ai_mnetwork_is_valid
                0x000000000800185c       0x56 Application/User/app_x-cube-ai.o
 *fill*         0x00000000080018b2        0x2 
 .text.ai_mnetwork_handle
                0x00000000080018b4       0x74 Application/User/app_x-cube-ai.o
 .text.ai_mnetwork_release_handle
                0x0000000008001928       0x58 Application/User/app_x-cube-ai.o
 .text.ai_mnetwork_find
                0x0000000008001980       0x60 Application/User/app_x-cube-ai.o
                0x0000000008001980                ai_mnetwork_find
 .text.ai_mnetwork_create
                0x00000000080019e0       0xd8 Application/User/app_x-cube-ai.o
                0x00000000080019e0                ai_mnetwork_create
 .text.ai_mnetwork_destroy
                0x0000000008001ab8       0x44 Application/User/app_x-cube-ai.o
                0x0000000008001ab8                ai_mnetwork_destroy
 .text.ai_mnetwork_get_info
                0x0000000008001afc       0x36 Application/User/app_x-cube-ai.o
                0x0000000008001afc                ai_mnetwork_get_info
 .text.ai_mnetwork_get_error
                0x0000000008001b32       0x40 Application/User/app_x-cube-ai.o
                0x0000000008001b32                ai_mnetwork_get_error
 .text.ai_mnetwork_init
                0x0000000008001b72       0xa2 Application/User/app_x-cube-ai.o
                0x0000000008001b72                ai_mnetwork_init
 .text.ai_mnetwork_run
                0x0000000008001c14       0x38 Application/User/app_x-cube-ai.o
                0x0000000008001c14                ai_mnetwork_run
 .text.ai_mnetwork_get_ext_data_activations
                0x0000000008001c4c       0x4a Application/User/app_x-cube-ai.o
                0x0000000008001c4c                ai_mnetwork_get_ext_data_activations
 *fill*         0x0000000008001c96        0x2 
 .text.SCB_EnableICache
                0x0000000008001c98       0x40 Application/User/main.o
 .text.SCB_EnableDCache
                0x0000000008001cd8       0x80 Application/User/main.o
 .text.main     0x0000000008001d58       0x2e Application/User/main.o
                0x0000000008001d58                main
 *fill*         0x0000000008001d86        0x2 
 .text.SystemClock_Config
                0x0000000008001d88      0x170 Application/User/main.o
                0x0000000008001d88                SystemClock_Config
 .text.MX_CRC_Init
                0x0000000008001ef8       0x44 Application/User/main.o
 .text.MX_ETH_Init
                0x0000000008001f3c       0xa4 Application/User/main.o
 .text.MX_USART3_UART_Init
                0x0000000008001fe0       0x98 Application/User/main.o
                0x0000000008001fe0                MX_USART3_UART_Init
 .text.MX_USB_OTG_FS_PCD_Init
                0x0000000008002078       0x64 Application/User/main.o
 .text.MX_GPIO_Init
                0x00000000080020dc      0x168 Application/User/main.o
 .text.Error_Handler
                0x0000000008002244        0xe Application/User/main.o
                0x0000000008002244                Error_Handler
 *fill*         0x0000000008002252        0x2 
 .text.network_configure_activations
                0x0000000008002254       0x54 Application/User/network.o
 .text.network_configure_weights
                0x00000000080022a8       0x9c Application/User/network.o
 .text.ai_network_get_info
                0x0000000008002344       0xd0 Application/User/network.o
                0x0000000008002344                ai_network_get_info
 .text.ai_network_get_error
                0x0000000008002414       0x18 Application/User/network.o
                0x0000000008002414                ai_network_get_error
 .text.ai_network_create
                0x000000000800242c       0x2c Application/User/network.o
                0x000000000800242c                ai_network_create
 .text.ai_network_destroy
                0x0000000008002458       0x18 Application/User/network.o
                0x0000000008002458                ai_network_destroy
 .text.ai_network_init
                0x0000000008002470       0x7e Application/User/network.o
                0x0000000008002470                ai_network_init
 .text.ai_network_run
                0x00000000080024ee       0x20 Application/User/network.o
                0x00000000080024ee                ai_network_run
 .text.ai_network_forward
                0x000000000800250e       0x1e Application/User/network.o
                0x000000000800250e                ai_network_forward
 .text.ai_network_data_weights_get
                0x000000000800252c       0x14 Application/User/network_data.o
                0x000000000800252c                ai_network_data_weights_get
 .text.HAL_MspInit
                0x0000000008002540       0x34 Application/User/stm32h7xx_hal_msp.o
                0x0000000008002540                HAL_MspInit
 .text.HAL_CRC_MspInit
                0x0000000008002574       0x44 Application/User/stm32h7xx_hal_msp.o
                0x0000000008002574                HAL_CRC_MspInit
 .text.HAL_ETH_MspInit
                0x00000000080025b8      0x19c Application/User/stm32h7xx_hal_msp.o
                0x00000000080025b8                HAL_ETH_MspInit
 .text.HAL_UART_MspInit
                0x0000000008002754       0x94 Application/User/stm32h7xx_hal_msp.o
                0x0000000008002754                HAL_UART_MspInit
 .text.HAL_PCD_MspInit
                0x00000000080027e8       0xb0 Application/User/stm32h7xx_hal_msp.o
                0x00000000080027e8                HAL_PCD_MspInit
 .text.NMI_Handler
                0x0000000008002898        0xe Application/User/stm32h7xx_it.o
                0x0000000008002898                NMI_Handler
 .text.HardFault_Handler
                0x00000000080028a6        0x6 Application/User/stm32h7xx_it.o
                0x00000000080028a6                HardFault_Handler
 .text.MemManage_Handler
                0x00000000080028ac        0x6 Application/User/stm32h7xx_it.o
                0x00000000080028ac                MemManage_Handler
 .text.BusFault_Handler
                0x00000000080028b2        0x6 Application/User/stm32h7xx_it.o
                0x00000000080028b2                BusFault_Handler
 .text.UsageFault_Handler
                0x00000000080028b8        0x6 Application/User/stm32h7xx_it.o
                0x00000000080028b8                UsageFault_Handler
 .text.SVC_Handler
                0x00000000080028be        0xe Application/User/stm32h7xx_it.o
                0x00000000080028be                SVC_Handler
 .text.DebugMon_Handler
                0x00000000080028cc        0xe Application/User/stm32h7xx_it.o
                0x00000000080028cc                DebugMon_Handler
 .text.PendSV_Handler
                0x00000000080028da        0xe Application/User/stm32h7xx_it.o
                0x00000000080028da                PendSV_Handler
 .text.SysTick_Handler
                0x00000000080028e8        0xc Application/User/stm32h7xx_it.o
                0x00000000080028e8                SysTick_Handler
 .text._read    0x00000000080028f4       0x3a Application/User/syscalls.o
                0x00000000080028f4                _read
 .text._close   0x000000000800292e       0x18 Application/User/syscalls.o
                0x000000000800292e                _close
 .text._fstat   0x0000000008002946       0x20 Application/User/syscalls.o
                0x0000000008002946                _fstat
 .text._isatty  0x0000000008002966       0x16 Application/User/syscalls.o
                0x0000000008002966                _isatty
 .text._lseek   0x000000000800297c       0x1a Application/User/syscalls.o
                0x000000000800297c                _lseek
 *fill*         0x0000000008002996        0x2 
 .text._sbrk    0x0000000008002998       0x58 Application/User/sysmem.o
                0x0000000008002998                _sbrk
 .text.SystemInit
                0x00000000080029f0       0xc4 Drivers/CMSIS/system_stm32h7xx.o
                0x00000000080029f0                SystemInit
 .text.HAL_Init
                0x0000000008002ab4       0x78 Drivers/STM32H7xx_HAL_Driver/stm32h7xx_hal.o
                0x0000000008002ab4                HAL_Init
 .text.HAL_InitTick
                0x0000000008002b2c       0x6c Drivers/STM32H7xx_HAL_Driver/stm32h7xx_hal.o
                0x0000000008002b2c                HAL_InitTick
 .text.HAL_IncTick
                0x0000000008002b98       0x28 Drivers/STM32H7xx_HAL_Driver/stm32h7xx_hal.o
                0x0000000008002b98                HAL_IncTick
 .text.HAL_GetTick
                0x0000000008002bc0       0x18 Drivers/STM32H7xx_HAL_Driver/stm32h7xx_hal.o
                0x0000000008002bc0                HAL_GetTick
 .text.HAL_Delay
                0x0000000008002bd8       0x44 Drivers/STM32H7xx_HAL_Driver/stm32h7xx_hal.o
                0x0000000008002bd8                HAL_Delay
 .text.HAL_GetHalVersion
                0x0000000008002c1c       0x12 Drivers/STM32H7xx_HAL_Driver/stm32h7xx_hal.o
                0x0000000008002c1c                HAL_GetHalVersion
 *fill*         0x0000000008002c2e        0x2 
 .text.HAL_GetREVID
                0x0000000008002c30       0x18 Drivers/STM32H7xx_HAL_Driver/stm32h7xx_hal.o
                0x0000000008002c30                HAL_GetREVID
 .text.HAL_GetDEVID
                0x0000000008002c48       0x1c Drivers/STM32H7xx_HAL_Driver/stm32h7xx_hal.o
                0x0000000008002c48                HAL_GetDEVID
 .text.HAL_SYSCFG_ETHInterfaceSelect
                0x0000000008002c64       0x28 Drivers/STM32H7xx_HAL_Driver/stm32h7xx_hal.o
                0x0000000008002c64                HAL_SYSCFG_ETHInterfaceSelect
 .text.__NVIC_SetPriorityGrouping
                0x0000000008002c8c       0x48 Drivers/STM32H7xx_HAL_Driver/stm32h7xx_hal_cortex.o
 .text.__NVIC_GetPriorityGrouping
                0x0000000008002cd4       0x1c Drivers/STM32H7xx_HAL_Driver/stm32h7xx_hal_cortex.o
 .text.__NVIC_SetPriority
                0x0000000008002cf0       0x54 Drivers/STM32H7xx_HAL_Driver/stm32h7xx_hal_cortex.o
 .text.NVIC_EncodePriority
                0x0000000008002d44       0x66 Drivers/STM32H7xx_HAL_Driver/stm32h7xx_hal_cortex.o
 *fill*         0x0000000008002daa        0x2 
 .text.SysTick_Config
                0x0000000008002dac       0x44 Drivers/STM32H7xx_HAL_Driver/stm32h7xx_hal_cortex.o
 .text.HAL_NVIC_SetPriorityGrouping
                0x0000000008002df0       0x16 Drivers/STM32H7xx_HAL_Driver/stm32h7xx_hal_cortex.o
                0x0000000008002df0                HAL_NVIC_SetPriorityGrouping
 .text.HAL_NVIC_SetPriority
                0x0000000008002e06       0x34 Drivers/STM32H7xx_HAL_Driver/stm32h7xx_hal_cortex.o
                0x0000000008002e06                HAL_NVIC_SetPriority
 .text.HAL_SYSTICK_Config
                0x0000000008002e3a       0x18 Drivers/STM32H7xx_HAL_Driver/stm32h7xx_hal_cortex.o
                0x0000000008002e3a                HAL_SYSTICK_Config
 *fill*         0x0000000008002e52        0x2 
 .text.HAL_CRC_Init
                0x0000000008002e54       0xc8 Drivers/STM32H7xx_HAL_Driver/stm32h7xx_hal_crc.o
                0x0000000008002e54                HAL_CRC_Init
 .text.HAL_CRCEx_Polynomial_Set
                0x0000000008002f1c      0x10c Drivers/STM32H7xx_HAL_Driver/stm32h7xx_hal_crc_ex.o
                0x0000000008002f1c                HAL_CRCEx_Polynomial_Set
 .text.HAL_ETH_Init
                0x0000000008003028      0x1b4 Drivers/STM32H7xx_HAL_Driver/stm32h7xx_hal_eth.o
                0x0000000008003028                HAL_ETH_Init
 .text.ETH_SetMACConfig
                0x00000000080031dc      0x238 Drivers/STM32H7xx_HAL_Driver/stm32h7xx_hal_eth.o
 .text.ETH_SetDMAConfig
                0x0000000008003414      0x10c Drivers/STM32H7xx_HAL_Driver/stm32h7xx_hal_eth.o
 .text.ETH_MACDMAConfig
                0x0000000008003520      0x13a Drivers/STM32H7xx_HAL_Driver/stm32h7xx_hal_eth.o
 *fill*         0x000000000800365a        0x2 
 .text.ETH_MAC_MDIO_ClkConfig
                0x000000000800365c       0xb0 Drivers/STM32H7xx_HAL_Driver/stm32h7xx_hal_eth.o
 .text.ETH_DMATxDescListInit
                0x000000000800370c       0x8e Drivers/STM32H7xx_HAL_Driver/stm32h7xx_hal_eth.o
 .text.ETH_DMARxDescListInit
                0x000000000800379a       0xba Drivers/STM32H7xx_HAL_Driver/stm32h7xx_hal_eth.o
 .text.HAL_GPIO_Init
                0x0000000008003854      0x360 Drivers/STM32H7xx_HAL_Driver/stm32h7xx_hal_gpio.o
                0x0000000008003854                HAL_GPIO_Init
 .text.HAL_GPIO_WritePin
                0x0000000008003bb4       0x32 Drivers/STM32H7xx_HAL_Driver/stm32h7xx_hal_gpio.o
                0x0000000008003bb4                HAL_GPIO_WritePin
 .text.HAL_PCD_Init
                0x0000000008003be6      0x248 Drivers/STM32H7xx_HAL_Driver/stm32h7xx_hal_pcd.o
                0x0000000008003be6                HAL_PCD_Init
 *fill*         0x0000000008003e2e        0x2 
 .text.HAL_PCDEx_ActivateLPM
                0x0000000008003e30       0x48 Drivers/STM32H7xx_HAL_Driver/stm32h7xx_hal_pcd_ex.o
                0x0000000008003e30                HAL_PCDEx_ActivateLPM
 .text.HAL_PWREx_ConfigSupply
                0x0000000008003e78       0x74 Drivers/STM32H7xx_HAL_Driver/stm32h7xx_hal_pwr_ex.o
                0x0000000008003e78                HAL_PWREx_ConfigSupply
 .text.HAL_PWREx_EnableUSBVoltageDetector
                0x0000000008003eec       0x20 Drivers/STM32H7xx_HAL_Driver/stm32h7xx_hal_pwr_ex.o
                0x0000000008003eec                HAL_PWREx_EnableUSBVoltageDetector
 .text.HAL_RCC_OscConfig
                0x0000000008003f0c      0x7b0 Drivers/STM32H7xx_HAL_Driver/stm32h7xx_hal_rcc.o
                0x0000000008003f0c                HAL_RCC_OscConfig
 .text.HAL_RCC_ClockConfig
                0x00000000080046bc      0x36c Drivers/STM32H7xx_HAL_Driver/stm32h7xx_hal_rcc.o
                0x00000000080046bc                HAL_RCC_ClockConfig
 .text.HAL_RCC_GetSysClockFreq
                0x0000000008004a28      0x2e4 Drivers/STM32H7xx_HAL_Driver/stm32h7xx_hal_rcc.o
                0x0000000008004a28                HAL_RCC_GetSysClockFreq
 .text.HAL_RCC_GetHCLKFreq
                0x0000000008004d0c       0x60 Drivers/STM32H7xx_HAL_Driver/stm32h7xx_hal_rcc.o
                0x0000000008004d0c                HAL_RCC_GetHCLKFreq
 .text.HAL_RCC_GetPCLK1Freq
                0x0000000008004d6c       0x2c Drivers/STM32H7xx_HAL_Driver/stm32h7xx_hal_rcc.o
                0x0000000008004d6c                HAL_RCC_GetPCLK1Freq
 .text.HAL_RCC_GetPCLK2Freq
                0x0000000008004d98       0x2c Drivers/STM32H7xx_HAL_Driver/stm32h7xx_hal_rcc.o
                0x0000000008004d98                HAL_RCC_GetPCLK2Freq
 .text.HAL_RCCEx_PeriphCLKConfig
                0x0000000008004dc4      0xdbc Drivers/STM32H7xx_HAL_Driver/stm32h7xx_hal_rcc_ex.o
                0x0000000008004dc4                HAL_RCCEx_PeriphCLKConfig
 .text.HAL_RCCEx_GetD3PCLK1Freq
                0x0000000008005b80       0x2c Drivers/STM32H7xx_HAL_Driver/stm32h7xx_hal_rcc_ex.o
                0x0000000008005b80                HAL_RCCEx_GetD3PCLK1Freq
 .text.HAL_RCCEx_GetPLL2ClockFreq
                0x0000000008005bac      0x298 Drivers/STM32H7xx_HAL_Driver/stm32h7xx_hal_rcc_ex.o
                0x0000000008005bac                HAL_RCCEx_GetPLL2ClockFreq
 .text.HAL_RCCEx_GetPLL3ClockFreq
                0x0000000008005e44      0x298 Drivers/STM32H7xx_HAL_Driver/stm32h7xx_hal_rcc_ex.o
                0x0000000008005e44                HAL_RCCEx_GetPLL3ClockFreq
 .text.RCCEx_PLL2_Config
                0x00000000080060dc      0x164 Drivers/STM32H7xx_HAL_Driver/stm32h7xx_hal_rcc_ex.o
 .text.RCCEx_PLL3_Config
                0x0000000008006240      0x164 Drivers/STM32H7xx_HAL_Driver/stm32h7xx_hal_rcc_ex.o
 .text.HAL_UART_Init
                0x00000000080063a4       0xa0 Drivers/STM32H7xx_HAL_Driver/stm32h7xx_hal_uart.o
                0x00000000080063a4                HAL_UART_Init
 .text.HAL_UART_Transmit
                0x0000000008006444      0x12c Drivers/STM32H7xx_HAL_Driver/stm32h7xx_hal_uart.o
                0x0000000008006444                HAL_UART_Transmit
 .text.UART_SetConfig
                0x0000000008006570     0x22fc Drivers/STM32H7xx_HAL_Driver/stm32h7xx_hal_uart.o
                0x0000000008006570                UART_SetConfig
 .text.UART_AdvFeatureConfig
                0x000000000800886c      0x144 Drivers/STM32H7xx_HAL_Driver/stm32h7xx_hal_uart.o
                0x000000000800886c                UART_AdvFeatureConfig
 .text.UART_CheckIdleState
                0x00000000080089b0       0x90 Drivers/STM32H7xx_HAL_Driver/stm32h7xx_hal_uart.o
                0x00000000080089b0                UART_CheckIdleState
 .text.UART_WaitOnFlagUntilTimeout
                0x0000000008008a40      0x100 Drivers/STM32H7xx_HAL_Driver/stm32h7xx_hal_uart.o
                0x0000000008008a40                UART_WaitOnFlagUntilTimeout
 .text.HAL_UARTEx_DisableFifoMode
                0x0000000008008b40       0x72 Drivers/STM32H7xx_HAL_Driver/stm32h7xx_hal_uart_ex.o
                0x0000000008008b40                HAL_UARTEx_DisableFifoMode
 .text.HAL_UARTEx_SetTxFifoThreshold
                0x0000000008008bb2       0x7c Drivers/STM32H7xx_HAL_Driver/stm32h7xx_hal_uart_ex.o
                0x0000000008008bb2                HAL_UARTEx_SetTxFifoThreshold
 .text.HAL_UARTEx_SetRxFifoThreshold
                0x0000000008008c2e       0x7c Drivers/STM32H7xx_HAL_Driver/stm32h7xx_hal_uart_ex.o
                0x0000000008008c2e                HAL_UARTEx_SetRxFifoThreshold
 *fill*         0x0000000008008caa        0x2 
 .text.UARTEx_SetNbDataToProcess
                0x0000000008008cac       0xd0 Drivers/STM32H7xx_HAL_Driver/stm32h7xx_hal_uart_ex.o
 .text.USB_CoreInit
                0x0000000008008d7c       0xc4 Drivers/STM32H7xx_HAL_Driver/stm32h7xx_ll_usb.o
                0x0000000008008d7c                USB_CoreInit
 .text.USB_DisableGlobalInt
                0x0000000008008e40       0x22 Drivers/STM32H7xx_HAL_Driver/stm32h7xx_ll_usb.o
                0x0000000008008e40                USB_DisableGlobalInt
 .text.USB_SetCurrentMode
                0x0000000008008e62       0x54 Drivers/STM32H7xx_HAL_Driver/stm32h7xx_ll_usb.o
                0x0000000008008e62                USB_SetCurrentMode
 *fill*         0x0000000008008eb6        0x2 
 .text.USB_DevInit
                0x0000000008008eb8      0x2bc Drivers/STM32H7xx_HAL_Driver/stm32h7xx_ll_usb.o
                0x0000000008008eb8                USB_DevInit
 .text.USB_FlushTxFifo
                0x0000000008009174       0x4c Drivers/STM32H7xx_HAL_Driver/stm32h7xx_ll_usb.o
                0x0000000008009174                USB_FlushTxFifo
 .text.USB_FlushRxFifo
                0x00000000080091c0       0x44 Drivers/STM32H7xx_HAL_Driver/stm32h7xx_ll_usb.o
                0x00000000080091c0                USB_FlushRxFifo
 .text.USB_SetDevSpeed
                0x0000000008009204       0x32 Drivers/STM32H7xx_HAL_Driver/stm32h7xx_ll_usb.o
                0x0000000008009204                USB_SetDevSpeed
 .text.USB_DevDisconnect
                0x0000000008009236       0x30 Drivers/STM32H7xx_HAL_Driver/stm32h7xx_ll_usb.o
                0x0000000008009236                USB_DevDisconnect
 *fill*         0x0000000008009266        0x2 
 .text.USB_CoreReset
                0x0000000008009268       0x68 Drivers/STM32H7xx_HAL_Driver/stm32h7xx_ll_usb.o
 .text.ai_platform_runtime_get_revision
                0x00000000080092d0       0x9c ../../Middlewares/ST/AI/Lib/NetworkRuntime511_CM7_GCC.a(ai_platform_interface.o)
                0x00000000080092d0                ai_platform_runtime_get_revision
 .text.ai_platform_runtime_get_version
                0x000000000800936c       0xc4 ../../Middlewares/ST/AI/Lib/NetworkRuntime511_CM7_GCC.a(ai_platform_interface.o)
                0x000000000800936c                ai_platform_runtime_get_version
 .text.ai_platform_api_get_version
                0x0000000008009430       0xc4 ../../Middlewares/ST/AI/Lib/NetworkRuntime511_CM7_GCC.a(ai_platform_interface.o)
                0x0000000008009430                ai_platform_api_get_version
 .text.ai_platform_interface_api_get_version
                0x00000000080094f4       0xc4 ../../Middlewares/ST/AI/Lib/NetworkRuntime511_CM7_GCC.a(ai_platform_interface.o)
                0x00000000080094f4                ai_platform_interface_api_get_version
 .text.ai_platform_context_acquire
                0x00000000080095b8       0xa4 ../../Middlewares/ST/AI/Lib/NetworkRuntime511_CM7_GCC.a(ai_platform_interface.o)
                0x00000000080095b8                ai_platform_context_acquire
 .text.ai_platform_network_get_error
                0x000000000800965c      0x11c ../../Middlewares/ST/AI/Lib/NetworkRuntime511_CM7_GCC.a(ai_platform_interface.o)
                0x000000000800965c                ai_platform_network_get_error
 .text.ai_platform_api_get_network_report
                0x0000000008009778      0x51c ../../Middlewares/ST/AI/Lib/NetworkRuntime511_CM7_GCC.a(ai_platform_interface.o)
                0x0000000008009778                ai_platform_api_get_network_report
 .text.ai_platform_network_create
                0x0000000008009c94      0x108 ../../Middlewares/ST/AI/Lib/NetworkRuntime511_CM7_GCC.a(ai_platform_interface.o)
                0x0000000008009c94                ai_platform_network_create
 .text.ai_platform_network_destroy
                0x0000000008009d9c      0x114 ../../Middlewares/ST/AI/Lib/NetworkRuntime511_CM7_GCC.a(ai_platform_interface.o)
                0x0000000008009d9c                ai_platform_network_destroy
 .text.ai_platform_network_init
                0x0000000008009eb0      0x1d0 ../../Middlewares/ST/AI/Lib/NetworkRuntime511_CM7_GCC.a(ai_platform_interface.o)
                0x0000000008009eb0                ai_platform_network_init
 .text.ai_platform_network_post_init
                0x000000000800a080      0x158 ../../Middlewares/ST/AI/Lib/NetworkRuntime511_CM7_GCC.a(ai_platform_interface.o)
                0x000000000800a080                ai_platform_network_post_init
 .text.ai_platform_network_process
                0x000000000800a1d8      0x560 ../../Middlewares/ST/AI/Lib/NetworkRuntime511_CM7_GCC.a(ai_platform_interface.o)
                0x000000000800a1d8                ai_platform_network_process
 .text.core_init
                0x000000000800a738        0x4 ../../Middlewares/ST/AI/Lib/NetworkRuntime511_CM7_GCC.a(core_common.o)
                0x000000000800a738                core_init
 .text.core_get_error
                0x000000000800a73c        0xc ../../Middlewares/ST/AI/Lib/NetworkRuntime511_CM7_GCC.a(core_common.o)
                0x000000000800a73c                core_get_error
 .text.core_set_error
                0x000000000800a748       0x18 ../../Middlewares/ST/AI/Lib/NetworkRuntime511_CM7_GCC.a(core_common.o)
                0x000000000800a748                core_set_error
 .text.ai_dict8_dot_array_f32
                0x000000000800a760      0x460 ../../Middlewares/ST/AI/Lib/NetworkRuntime511_CM7_GCC.a(layers_conv2d_generic_float.o)
                0x000000000800a760                ai_dict8_dot_array_f32
 .text.ai_dict4_dot_array_f32
                0x000000000800abc0      0x17c ../../Middlewares/ST/AI/Lib/NetworkRuntime511_CM7_GCC.a(layers_conv2d_generic_float.o)
                0x000000000800abc0                ai_dict4_dot_array_f32
 .text.forward_dense
                0x000000000800ad3c      0x44c ../../Middlewares/ST/AI/Lib/NetworkRuntime511_CM7_GCC.a(layers_conv2d_generic_float.o)
                0x000000000800ad3c                forward_dense
 .text.ai_check_custom_types
                0x000000000800b188       0x54 ../../Middlewares/ST/AI/Lib/NetworkRuntime511_CM7_GCC.a(layers.o)
                0x000000000800b188                ai_check_custom_types
 .text.ai_layers_forward_all
                0x000000000800b1dc       0x74 ../../Middlewares/ST/AI/Lib/NetworkRuntime511_CM7_GCC.a(layers.o)
                0x000000000800b1dc                ai_layers_forward_all
 .text.ai_array_to_buffer_fmt
                0x000000000800b250       0x98 ../../Middlewares/ST/AI/Lib/NetworkRuntime511_CM7_GCC.a(ai_datatypes_format.o)
                0x000000000800b250                ai_array_to_buffer_fmt
 .text.ai_array_get_byte_size
                0x000000000800b2e8       0x50 ../../Middlewares/ST/AI/Lib/NetworkRuntime511_CM7_GCC.a(ai_datatypes_format.o)
                0x000000000800b2e8                ai_array_get_byte_size
 .text.__errno  0x000000000800b338        0xc /opt/st/stm32cubeide_1.2.0/plugins/com.st.stm32cube.ide.mcu.externaltools.gnu-tools-for-stm32.7-2018-q2-update.linux64_1.0.0.201904181610/tools/bin/../lib/gcc/arm-none-eabi/7.3.1/../../../../arm-none-eabi/lib/thumb/v7e-m/fpv5/hard/libc_nano.a(lib_a-errno.o)
                0x000000000800b338                __errno
 .text.__sflush_r
                0x000000000800b344      0x10c /opt/st/stm32cubeide_1.2.0/plugins/com.st.stm32cube.ide.mcu.externaltools.gnu-tools-for-stm32.7-2018-q2-update.linux64_1.0.0.201904181610/tools/bin/../lib/gcc/arm-none-eabi/7.3.1/../../../../arm-none-eabi/lib/thumb/v7e-m/fpv5/hard/libc_nano.a(lib_a-fflush.o)
                0x000000000800b344                __sflush_r
 .text._fflush_r
                0x000000000800b450       0x54 /opt/st/stm32cubeide_1.2.0/plugins/com.st.stm32cube.ide.mcu.externaltools.gnu-tools-for-stm32.7-2018-q2-update.linux64_1.0.0.201904181610/tools/bin/../lib/gcc/arm-none-eabi/7.3.1/../../../../arm-none-eabi/lib/thumb/v7e-m/fpv5/hard/libc_nano.a(lib_a-fflush.o)
                0x000000000800b450                _fflush_r
 .text.std      0x000000000800b4a4       0x48 /opt/st/stm32cubeide_1.2.0/plugins/com.st.stm32cube.ide.mcu.externaltools.gnu-tools-for-stm32.7-2018-q2-update.linux64_1.0.0.201904181610/tools/bin/../lib/gcc/arm-none-eabi/7.3.1/../../../../arm-none-eabi/lib/thumb/v7e-m/fpv5/hard/libc_nano.a(lib_a-findfp.o)
 .text._cleanup_r
                0x000000000800b4ec        0xc /opt/st/stm32cubeide_1.2.0/plugins/com.st.stm32cube.ide.mcu.externaltools.gnu-tools-for-stm32.7-2018-q2-update.linux64_1.0.0.201904181610/tools/bin/../lib/gcc/arm-none-eabi/7.3.1/../../../../arm-none-eabi/lib/thumb/v7e-m/fpv5/hard/libc_nano.a(lib_a-findfp.o)
                0x000000000800b4ec                _cleanup_r
 .text.__sfmoreglue
                0x000000000800b4f8       0x2c /opt/st/stm32cubeide_1.2.0/plugins/com.st.stm32cube.ide.mcu.externaltools.gnu-tools-for-stm32.7-2018-q2-update.linux64_1.0.0.201904181610/tools/bin/../lib/gcc/arm-none-eabi/7.3.1/../../../../arm-none-eabi/lib/thumb/v7e-m/fpv5/hard/libc_nano.a(lib_a-findfp.o)
                0x000000000800b4f8                __sfmoreglue
 .text.__sinit  0x000000000800b524       0x60 /opt/st/stm32cubeide_1.2.0/plugins/com.st.stm32cube.ide.mcu.externaltools.gnu-tools-for-stm32.7-2018-q2-update.linux64_1.0.0.201904181610/tools/bin/../lib/gcc/arm-none-eabi/7.3.1/../../../../arm-none-eabi/lib/thumb/v7e-m/fpv5/hard/libc_nano.a(lib_a-findfp.o)
                0x000000000800b524                __sinit
 .text.__sfp    0x000000000800b584       0x78 /opt/st/stm32cubeide_1.2.0/plugins/com.st.stm32cube.ide.mcu.externaltools.gnu-tools-for-stm32.7-2018-q2-update.linux64_1.0.0.201904181610/tools/bin/../lib/gcc/arm-none-eabi/7.3.1/../../../../arm-none-eabi/lib/thumb/v7e-m/fpv5/hard/libc_nano.a(lib_a-findfp.o)
                0x000000000800b584                __sfp
 .text._fwalk_reent
                0x000000000800b5fc       0x3c /opt/st/stm32cubeide_1.2.0/plugins/com.st.stm32cube.ide.mcu.externaltools.gnu-tools-for-stm32.7-2018-q2-update.linux64_1.0.0.201904181610/tools/bin/../lib/gcc/arm-none-eabi/7.3.1/../../../../arm-none-eabi/lib/thumb/v7e-m/fpv5/hard/libc_nano.a(lib_a-fwalk.o)
                0x000000000800b5fc                _fwalk_reent
 .text.__libc_init_array
                0x000000000800b638       0x48 /opt/st/stm32cubeide_1.2.0/plugins/com.st.stm32cube.ide.mcu.externaltools.gnu-tools-for-stm32.7-2018-q2-update.linux64_1.0.0.201904181610/tools/bin/../lib/gcc/arm-none-eabi/7.3.1/../../../../arm-none-eabi/lib/thumb/v7e-m/fpv5/hard/libc_nano.a(lib_a-init.o)
                0x000000000800b638                __libc_init_array
 .text.malloc   0x000000000800b680       0x10 /opt/st/stm32cubeide_1.2.0/plugins/com.st.stm32cube.ide.mcu.externaltools.gnu-tools-for-stm32.7-2018-q2-update.linux64_1.0.0.201904181610/tools/bin/../lib/gcc/arm-none-eabi/7.3.1/../../../../arm-none-eabi/lib/thumb/v7e-m/fpv5/hard/libc_nano.a(lib_a-malloc.o)
                0x000000000800b680                malloc
 .text.memcpy   0x000000000800b690       0x16 /opt/st/stm32cubeide_1.2.0/plugins/com.st.stm32cube.ide.mcu.externaltools.gnu-tools-for-stm32.7-2018-q2-update.linux64_1.0.0.201904181610/tools/bin/../lib/gcc/arm-none-eabi/7.3.1/../../../../arm-none-eabi/lib/thumb/v7e-m/fpv5/hard/libc_nano.a(lib_a-memcpy-stub.o)
                0x000000000800b690                memcpy
 .text.memset   0x000000000800b6a6       0x10 /opt/st/stm32cubeide_1.2.0/plugins/com.st.stm32cube.ide.mcu.externaltools.gnu-tools-for-stm32.7-2018-q2-update.linux64_1.0.0.201904181610/tools/bin/../lib/gcc/arm-none-eabi/7.3.1/../../../../arm-none-eabi/lib/thumb/v7e-m/fpv5/hard/libc_nano.a(lib_a-memset.o)
                0x000000000800b6a6                memset
 *fill*         0x000000000800b6b6        0x2 
 .text._free_r  0x000000000800b6b8       0x9c /opt/st/stm32cubeide_1.2.0/plugins/com.st.stm32cube.ide.mcu.externaltools.gnu-tools-for-stm32.7-2018-q2-update.linux64_1.0.0.201904181610/tools/bin/../lib/gcc/arm-none-eabi/7.3.1/../../../../arm-none-eabi/lib/thumb/v7e-m/fpv5/hard/libc_nano.a(lib_a-nano-freer.o)
                0x000000000800b6b8                _free_r
 .text._malloc_r
                0x000000000800b754       0xb4 /opt/st/stm32cubeide_1.2.0/plugins/com.st.stm32cube.ide.mcu.externaltools.gnu-tools-for-stm32.7-2018-q2-update.linux64_1.0.0.201904181610/tools/bin/../lib/gcc/arm-none-eabi/7.3.1/../../../../arm-none-eabi/lib/thumb/v7e-m/fpv5/hard/libc_nano.a(lib_a-nano-mallocr.o)
                0x000000000800b754                _malloc_r
 .text.__cvt    0x000000000800b808       0xa4 /opt/st/stm32cubeide_1.2.0/plugins/com.st.stm32cube.ide.mcu.externaltools.gnu-tools-for-stm32.7-2018-q2-update.linux64_1.0.0.201904181610/tools/bin/../lib/gcc/arm-none-eabi/7.3.1/../../../../arm-none-eabi/lib/thumb/v7e-m/fpv5/hard/libc_nano.a(lib_a-nano-vfprintf_float.o)
                0x000000000800b808                __cvt
 .text.__exponent
                0x000000000800b8ac       0x66 /opt/st/stm32cubeide_1.2.0/plugins/com.st.stm32cube.ide.mcu.externaltools.gnu-tools-for-stm32.7-2018-q2-update.linux64_1.0.0.201904181610/tools/bin/../lib/gcc/arm-none-eabi/7.3.1/../../../../arm-none-eabi/lib/thumb/v7e-m/fpv5/hard/libc_nano.a(lib_a-nano-vfprintf_float.o)
                0x000000000800b8ac                __exponent
 *fill*         0x000000000800b912        0x6 
 .text._printf_float
                0x000000000800b918      0x458 /opt/st/stm32cubeide_1.2.0/plugins/com.st.stm32cube.ide.mcu.externaltools.gnu-tools-for-stm32.7-2018-q2-update.linux64_1.0.0.201904181610/tools/bin/../lib/gcc/arm-none-eabi/7.3.1/../../../../arm-none-eabi/lib/thumb/v7e-m/fpv5/hard/libc_nano.a(lib_a-nano-vfprintf_float.o)
                0x000000000800b918                _printf_float
 .text._printf_common
                0x000000000800bd70       0xea /opt/st/stm32cubeide_1.2.0/plugins/com.st.stm32cube.ide.mcu.externaltools.gnu-tools-for-stm32.7-2018-q2-update.linux64_1.0.0.201904181610/tools/bin/../lib/gcc/arm-none-eabi/7.3.1/../../../../arm-none-eabi/lib/thumb/v7e-m/fpv5/hard/libc_nano.a(lib_a-nano-vfprintf_i.o)
                0x000000000800bd70                _printf_common
 *fill*         0x000000000800be5a        0x2 
 .text._printf_i
                0x000000000800be5c      0x224 /opt/st/stm32cubeide_1.2.0/plugins/com.st.stm32cube.ide.mcu.externaltools.gnu-tools-for-stm32.7-2018-q2-update.linux64_1.0.0.201904181610/tools/bin/../lib/gcc/arm-none-eabi/7.3.1/../../../../arm-none-eabi/lib/thumb/v7e-m/fpv5/hard/libc_nano.a(lib_a-nano-vfprintf_i.o)
                0x000000000800be5c                _printf_i
 .text.printf   0x000000000800c080       0x30 /opt/st/stm32cubeide_1.2.0/plugins/com.st.stm32cube.ide.mcu.externaltools.gnu-tools-for-stm32.7-2018-q2-update.linux64_1.0.0.201904181610/tools/bin/../lib/gcc/arm-none-eabi/7.3.1/../../../../arm-none-eabi/lib/thumb/v7e-m/fpv5/hard/libc_nano.a(lib_a-printf.o)
                0x000000000800c080                printf
                0x000000000800c080                iprintf
 .text._puts_r  0x000000000800c0b0       0xb8 /opt/st/stm32cubeide_1.2.0/plugins/com.st.stm32cube.ide.mcu.externaltools.gnu-tools-for-stm32.7-2018-q2-update.linux64_1.0.0.201904181610/tools/bin/../lib/gcc/arm-none-eabi/7.3.1/../../../../arm-none-eabi/lib/thumb/v7e-m/fpv5/hard/libc_nano.a(lib_a-puts.o)
                0x000000000800c0b0                _puts_r
 .text.puts     0x000000000800c168       0x10 /opt/st/stm32cubeide_1.2.0/plugins/com.st.stm32cube.ide.mcu.externaltools.gnu-tools-for-stm32.7-2018-q2-update.linux64_1.0.0.201904181610/tools/bin/../lib/gcc/arm-none-eabi/7.3.1/../../../../arm-none-eabi/lib/thumb/v7e-m/fpv5/hard/libc_nano.a(lib_a-puts.o)
                0x000000000800c168                puts
 .text.srand    0x000000000800c178       0x48 /opt/st/stm32cubeide_1.2.0/plugins/com.st.stm32cube.ide.mcu.externaltools.gnu-tools-for-stm32.7-2018-q2-update.linux64_1.0.0.201904181610/tools/bin/../lib/gcc/arm-none-eabi/7.3.1/../../../../arm-none-eabi/lib/thumb/v7e-m/fpv5/hard/libc_nano.a(lib_a-rand.o)
                0x000000000800c178                srand
 .text.rand     0x000000000800c1c0       0x68 /opt/st/stm32cubeide_1.2.0/plugins/com.st.stm32cube.ide.mcu.externaltools.gnu-tools-for-stm32.7-2018-q2-update.linux64_1.0.0.201904181610/tools/bin/../lib/gcc/arm-none-eabi/7.3.1/../../../../arm-none-eabi/lib/thumb/v7e-m/fpv5/hard/libc_nano.a(lib_a-rand.o)
                0x000000000800c1c0                rand
 .text._sbrk_r  0x000000000800c228       0x20 /opt/st/stm32cubeide_1.2.0/plugins/com.st.stm32cube.ide.mcu.externaltools.gnu-tools-for-stm32.7-2018-q2-update.linux64_1.0.0.201904181610/tools/bin/../lib/gcc/arm-none-eabi/7.3.1/../../../../arm-none-eabi/lib/thumb/v7e-m/fpv5/hard/libc_nano.a(lib_a-sbrkr.o)
                0x000000000800c228                _sbrk_r
 .text.__sread  0x000000000800c248       0x22 /opt/st/stm32cubeide_1.2.0/plugins/com.st.stm32cube.ide.mcu.externaltools.gnu-tools-for-stm32.7-2018-q2-update.linux64_1.0.0.201904181610/tools/bin/../lib/gcc/arm-none-eabi/7.3.1/../../../../arm-none-eabi/lib/thumb/v7e-m/fpv5/hard/libc_nano.a(lib_a-stdio.o)
                0x000000000800c248                __sread
 .text.__swrite
                0x000000000800c26a       0x38 /opt/st/stm32cubeide_1.2.0/plugins/com.st.stm32cube.ide.mcu.externaltools.gnu-tools-for-stm32.7-2018-q2-update.linux64_1.0.0.201904181610/tools/bin/../lib/gcc/arm-none-eabi/7.3.1/../../../../arm-none-eabi/lib/thumb/v7e-m/fpv5/hard/libc_nano.a(lib_a-stdio.o)
                0x000000000800c26a                __swrite
 .text.__sseek  0x000000000800c2a2       0x24 /opt/st/stm32cubeide_1.2.0/plugins/com.st.stm32cube.ide.mcu.externaltools.gnu-tools-for-stm32.7-2018-q2-update.linux64_1.0.0.201904181610/tools/bin/../lib/gcc/arm-none-eabi/7.3.1/../../../../arm-none-eabi/lib/thumb/v7e-m/fpv5/hard/libc_nano.a(lib_a-stdio.o)
                0x000000000800c2a2                __sseek
 .text.__sclose
                0x000000000800c2c6        0x8 /opt/st/stm32cubeide_1.2.0/plugins/com.st.stm32cube.ide.mcu.externaltools.gnu-tools-for-stm32.7-2018-q2-update.linux64_1.0.0.201904181610/tools/bin/../lib/gcc/arm-none-eabi/7.3.1/../../../../arm-none-eabi/lib/thumb/v7e-m/fpv5/hard/libc_nano.a(lib_a-stdio.o)
                0x000000000800c2c6                __sclose
 .text.strncmp  0x000000000800c2ce       0x24 /opt/st/stm32cubeide_1.2.0/plugins/com.st.stm32cube.ide.mcu.externaltools.gnu-tools-for-stm32.7-2018-q2-update.linux64_1.0.0.201904181610/tools/bin/../lib/gcc/arm-none-eabi/7.3.1/../../../../arm-none-eabi/lib/thumb/v7e-m/fpv5/hard/libc_nano.a(lib_a-strncmp.o)
                0x000000000800c2ce                strncmp
 *fill*         0x000000000800c2f2        0x2 
 .text.__swbuf_r
                0x000000000800c2f4       0xa4 /opt/st/stm32cubeide_1.2.0/plugins/com.st.stm32cube.ide.mcu.externaltools.gnu-tools-for-stm32.7-2018-q2-update.linux64_1.0.0.201904181610/tools/bin/../lib/gcc/arm-none-eabi/7.3.1/../../../../arm-none-eabi/lib/thumb/v7e-m/fpv5/hard/libc_nano.a(lib_a-wbuf.o)
                0x000000000800c2f4                __swbuf_r
 .text._write_r
                0x000000000800c398       0x24 /opt/st/stm32cubeide_1.2.0/plugins/com.st.stm32cube.ide.mcu.externaltools.gnu-tools-for-stm32.7-2018-q2-update.linux64_1.0.0.201904181610/tools/bin/../lib/gcc/arm-none-eabi/7.3.1/../../../../arm-none-eabi/lib/thumb/v7e-m/fpv5/hard/libc_nano.a(lib_a-writer.o)
                0x000000000800c398                _write_r
 .text.__swsetup_r
                0x000000000800c3bc       0xdc /opt/st/stm32cubeide_1.2.0/plugins/com.st.stm32cube.ide.mcu.externaltools.gnu-tools-for-stm32.7-2018-q2-update.linux64_1.0.0.201904181610/tools/bin/../lib/gcc/arm-none-eabi/7.3.1/../../../../arm-none-eabi/lib/thumb/v7e-m/fpv5/hard/libc_nano.a(lib_a-wsetup.o)
                0x000000000800c3bc                __swsetup_r
 .text._close_r
                0x000000000800c498       0x20 /opt/st/stm32cubeide_1.2.0/plugins/com.st.stm32cube.ide.mcu.externaltools.gnu-tools-for-stm32.7-2018-q2-update.linux64_1.0.0.201904181610/tools/bin/../lib/gcc/arm-none-eabi/7.3.1/../../../../arm-none-eabi/lib/thumb/v7e-m/fpv5/hard/libc_nano.a(lib_a-closer.o)
                0x000000000800c498                _close_r
 .text.quorem   0x000000000800c4b8      0x118 /opt/st/stm32cubeide_1.2.0/plugins/com.st.stm32cube.ide.mcu.externaltools.gnu-tools-for-stm32.7-2018-q2-update.linux64_1.0.0.201904181610/tools/bin/../lib/gcc/arm-none-eabi/7.3.1/../../../../arm-none-eabi/lib/thumb/v7e-m/fpv5/hard/libc_nano.a(lib_a-dtoa.o)
 .text._dtoa_r  0x000000000800c5d0      0xa98 /opt/st/stm32cubeide_1.2.0/plugins/com.st.stm32cube.ide.mcu.externaltools.gnu-tools-for-stm32.7-2018-q2-update.linux64_1.0.0.201904181610/tools/bin/../lib/gcc/arm-none-eabi/7.3.1/../../../../arm-none-eabi/lib/thumb/v7e-m/fpv5/hard/libc_nano.a(lib_a-dtoa.o)
                0x000000000800c5d0                _dtoa_r
 .text._localeconv_r
                0x000000000800d068       0x1c /opt/st/stm32cubeide_1.2.0/plugins/com.st.stm32cube.ide.mcu.externaltools.gnu-tools-for-stm32.7-2018-q2-update.linux64_1.0.0.201904181610/tools/bin/../lib/gcc/arm-none-eabi/7.3.1/../../../../arm-none-eabi/lib/thumb/v7e-m/fpv5/hard/libc_nano.a(lib_a-localeconv.o)
                0x000000000800d068                _localeconv_r
 .text._lseek_r
                0x000000000800d084       0x24 /opt/st/stm32cubeide_1.2.0/plugins/com.st.stm32cube.ide.mcu.externaltools.gnu-tools-for-stm32.7-2018-q2-update.linux64_1.0.0.201904181610/tools/bin/../lib/gcc/arm-none-eabi/7.3.1/../../../../arm-none-eabi/lib/thumb/v7e-m/fpv5/hard/libc_nano.a(lib_a-lseekr.o)
                0x000000000800d084                _lseek_r
 .text.__swhatbuf_r
                0x000000000800d0a8       0x48 /opt/st/stm32cubeide_1.2.0/plugins/com.st.stm32cube.ide.mcu.externaltools.gnu-tools-for-stm32.7-2018-q2-update.linux64_1.0.0.201904181610/tools/bin/../lib/gcc/arm-none-eabi/7.3.1/../../../../arm-none-eabi/lib/thumb/v7e-m/fpv5/hard/libc_nano.a(lib_a-makebuf.o)
                0x000000000800d0a8                __swhatbuf_r
 .text.__smakebuf_r
                0x000000000800d0f0       0x80 /opt/st/stm32cubeide_1.2.0/plugins/com.st.stm32cube.ide.mcu.externaltools.gnu-tools-for-stm32.7-2018-q2-update.linux64_1.0.0.201904181610/tools/bin/../lib/gcc/arm-none-eabi/7.3.1/../../../../arm-none-eabi/lib/thumb/v7e-m/fpv5/hard/libc_nano.a(lib_a-makebuf.o)
                0x000000000800d0f0                __smakebuf_r
 .text.__malloc_lock
                0x000000000800d170        0x2 /opt/st/stm32cubeide_1.2.0/plugins/com.st.stm32cube.ide.mcu.externaltools.gnu-tools-for-stm32.7-2018-q2-update.linux64_1.0.0.201904181610/tools/bin/../lib/gcc/arm-none-eabi/7.3.1/../../../../arm-none-eabi/lib/thumb/v7e-m/fpv5/hard/libc_nano.a(lib_a-mlock.o)
                0x000000000800d170                __malloc_lock
 .text.__malloc_unlock
                0x000000000800d172        0x2 /opt/st/stm32cubeide_1.2.0/plugins/com.st.stm32cube.ide.mcu.externaltools.gnu-tools-for-stm32.7-2018-q2-update.linux64_1.0.0.201904181610/tools/bin/../lib/gcc/arm-none-eabi/7.3.1/../../../../arm-none-eabi/lib/thumb/v7e-m/fpv5/hard/libc_nano.a(lib_a-mlock.o)
                0x000000000800d172                __malloc_unlock
 .text._Balloc  0x000000000800d174       0x68 /opt/st/stm32cubeide_1.2.0/plugins/com.st.stm32cube.ide.mcu.externaltools.gnu-tools-for-stm32.7-2018-q2-update.linux64_1.0.0.201904181610/tools/bin/../lib/gcc/arm-none-eabi/7.3.1/../../../../arm-none-eabi/lib/thumb/v7e-m/fpv5/hard/libc_nano.a(lib_a-mprec.o)
                0x000000000800d174                _Balloc
 .text._Bfree   0x000000000800d1dc       0x2e /opt/st/stm32cubeide_1.2.0/plugins/com.st.stm32cube.ide.mcu.externaltools.gnu-tools-for-stm32.7-2018-q2-update.linux64_1.0.0.201904181610/tools/bin/../lib/gcc/arm-none-eabi/7.3.1/../../../../arm-none-eabi/lib/thumb/v7e-m/fpv5/hard/libc_nano.a(lib_a-mprec.o)
                0x000000000800d1dc                _Bfree
 .text.__multadd
                0x000000000800d20a       0x76 /opt/st/stm32cubeide_1.2.0/plugins/com.st.stm32cube.ide.mcu.externaltools.gnu-tools-for-stm32.7-2018-q2-update.linux64_1.0.0.201904181610/tools/bin/../lib/gcc/arm-none-eabi/7.3.1/../../../../arm-none-eabi/lib/thumb/v7e-m/fpv5/hard/libc_nano.a(lib_a-mprec.o)
                0x000000000800d20a                __multadd
 .text.__hi0bits
                0x000000000800d280       0x3e /opt/st/stm32cubeide_1.2.0/plugins/com.st.stm32cube.ide.mcu.externaltools.gnu-tools-for-stm32.7-2018-q2-update.linux64_1.0.0.201904181610/tools/bin/../lib/gcc/arm-none-eabi/7.3.1/../../../../arm-none-eabi/lib/thumb/v7e-m/fpv5/hard/libc_nano.a(lib_a-mprec.o)
                0x000000000800d280                __hi0bits
 .text.__lo0bits
                0x000000000800d2be       0x5e /opt/st/stm32cubeide_1.2.0/plugins/com.st.stm32cube.ide.mcu.externaltools.gnu-tools-for-stm32.7-2018-q2-update.linux64_1.0.0.201904181610/tools/bin/../lib/gcc/arm-none-eabi/7.3.1/../../../../arm-none-eabi/lib/thumb/v7e-m/fpv5/hard/libc_nano.a(lib_a-mprec.o)
                0x000000000800d2be                __lo0bits
 .text.__i2b    0x000000000800d31c       0x12 /opt/st/stm32cubeide_1.2.0/plugins/com.st.stm32cube.ide.mcu.externaltools.gnu-tools-for-stm32.7-2018-q2-update.linux64_1.0.0.201904181610/tools/bin/../lib/gcc/arm-none-eabi/7.3.1/../../../../arm-none-eabi/lib/thumb/v7e-m/fpv5/hard/libc_nano.a(lib_a-mprec.o)
                0x000000000800d31c                __i2b
 .text.__multiply
                0x000000000800d32e      0x12c /opt/st/stm32cubeide_1.2.0/plugins/com.st.stm32cube.ide.mcu.externaltools.gnu-tools-for-stm32.7-2018-q2-update.linux64_1.0.0.201904181610/tools/bin/../lib/gcc/arm-none-eabi/7.3.1/../../../../arm-none-eabi/lib/thumb/v7e-m/fpv5/hard/libc_nano.a(lib_a-mprec.o)
                0x000000000800d32e                __multiply
 *fill*         0x000000000800d45a        0x2 
 .text.__pow5mult
                0x000000000800d45c       0x9c /opt/st/stm32cubeide_1.2.0/plugins/com.st.stm32cube.ide.mcu.externaltools.gnu-tools-for-stm32.7-2018-q2-update.linux64_1.0.0.201904181610/tools/bin/../lib/gcc/arm-none-eabi/7.3.1/../../../../arm-none-eabi/lib/thumb/v7e-m/fpv5/hard/libc_nano.a(lib_a-mprec.o)
                0x000000000800d45c                __pow5mult
 .text.__lshift
                0x000000000800d4f8       0xa8 /opt/st/stm32cubeide_1.2.0/plugins/com.st.stm32cube.ide.mcu.externaltools.gnu-tools-for-stm32.7-2018-q2-update.linux64_1.0.0.201904181610/tools/bin/../lib/gcc/arm-none-eabi/7.3.1/../../../../arm-none-eabi/lib/thumb/v7e-m/fpv5/hard/libc_nano.a(lib_a-mprec.o)
                0x000000000800d4f8                __lshift
 .text.__mcmp   0x000000000800d5a0       0x34 /opt/st/stm32cubeide_1.2.0/plugins/com.st.stm32cube.ide.mcu.externaltools.gnu-tools-for-stm32.7-2018-q2-update.linux64_1.0.0.201904181610/tools/bin/../lib/gcc/arm-none-eabi/7.3.1/../../../../arm-none-eabi/lib/thumb/v7e-m/fpv5/hard/libc_nano.a(lib_a-mprec.o)
                0x000000000800d5a0                __mcmp
 .text.__mdiff  0x000000000800d5d4       0xba /opt/st/stm32cubeide_1.2.0/plugins/com.st.stm32cube.ide.mcu.externaltools.gnu-tools-for-stm32.7-2018-q2-update.linux64_1.0.0.201904181610/tools/bin/../lib/gcc/arm-none-eabi/7.3.1/../../../../arm-none-eabi/lib/thumb/v7e-m/fpv5/hard/libc_nano.a(lib_a-mprec.o)
                0x000000000800d5d4                __mdiff
 .text.__d2b    0x000000000800d68e       0x9e /opt/st/stm32cubeide_1.2.0/plugins/com.st.stm32cube.ide.mcu.externaltools.gnu-tools-for-stm32.7-2018-q2-update.linux64_1.0.0.201904181610/tools/bin/../lib/gcc/arm-none-eabi/7.3.1/../../../../arm-none-eabi/lib/thumb/v7e-m/fpv5/hard/libc_nano.a(lib_a-mprec.o)
                0x000000000800d68e                __d2b
 .text._calloc_r
                0x000000000800d72c       0x1c /opt/st/stm32cubeide_1.2.0/plugins/com.st.stm32cube.ide.mcu.externaltools.gnu-tools-for-stm32.7-2018-q2-update.linux64_1.0.0.201904181610/tools/bin/../lib/gcc/arm-none-eabi/7.3.1/../../../../arm-none-eabi/lib/thumb/v7e-m/fpv5/hard/libc_nano.a(lib_a-nano-callocr.o)
                0x000000000800d72c                _calloc_r
 .text.__sfputc_r
                0x000000000800d748       0x2e /opt/st/stm32cubeide_1.2.0/plugins/com.st.stm32cube.ide.mcu.externaltools.gnu-tools-for-stm32.7-2018-q2-update.linux64_1.0.0.201904181610/tools/bin/../lib/gcc/arm-none-eabi/7.3.1/../../../../arm-none-eabi/lib/thumb/v7e-m/fpv5/hard/libc_nano.a(lib_a-nano-vfprintf.o)
 .text.__sfputs_r
                0x000000000800d776       0x24 /opt/st/stm32cubeide_1.2.0/plugins/com.st.stm32cube.ide.mcu.externaltools.gnu-tools-for-stm32.7-2018-q2-update.linux64_1.0.0.201904181610/tools/bin/../lib/gcc/arm-none-eabi/7.3.1/../../../../arm-none-eabi/lib/thumb/v7e-m/fpv5/hard/libc_nano.a(lib_a-nano-vfprintf.o)
                0x000000000800d776                __sfputs_r
 *fill*         0x000000000800d79a        0x2 
 .text._vfprintf_r
                0x000000000800d79c      0x22c /opt/st/stm32cubeide_1.2.0/plugins/com.st.stm32cube.ide.mcu.externaltools.gnu-tools-for-stm32.7-2018-q2-update.linux64_1.0.0.201904181610/tools/bin/../lib/gcc/arm-none-eabi/7.3.1/../../../../arm-none-eabi/lib/thumb/v7e-m/fpv5/hard/libc_nano.a(lib_a-nano-vfprintf.o)
                0x000000000800d79c                _vfiprintf_r
                0x000000000800d79c                _vfprintf_r
 .text._read_r  0x000000000800d9c8       0x24 /opt/st/stm32cubeide_1.2.0/plugins/com.st.stm32cube.ide.mcu.externaltools.gnu-tools-for-stm32.7-2018-q2-update.linux64_1.0.0.201904181610/tools/bin/../lib/gcc/arm-none-eabi/7.3.1/../../../../arm-none-eabi/lib/thumb/v7e-m/fpv5/hard/libc_nano.a(lib_a-readr.o)
                0x000000000800d9c8                _read_r
 .text._fstat_r
                0x000000000800d9ec       0x24 /opt/st/stm32cubeide_1.2.0/plugins/com.st.stm32cube.ide.mcu.externaltools.gnu-tools-for-stm32.7-2018-q2-update.linux64_1.0.0.201904181610/tools/bin/../lib/gcc/arm-none-eabi/7.3.1/../../../../arm-none-eabi/lib/thumb/v7e-m/fpv5/hard/libc_nano.a(lib_a-fstatr.o)
                0x000000000800d9ec                _fstat_r
 .text._isatty_r
                0x000000000800da10       0x20 /opt/st/stm32cubeide_1.2.0/plugins/com.st.stm32cube.ide.mcu.externaltools.gnu-tools-for-stm32.7-2018-q2-update.linux64_1.0.0.201904181610/tools/bin/../lib/gcc/arm-none-eabi/7.3.1/../../../../arm-none-eabi/lib/thumb/v7e-m/fpv5/hard/libc_nano.a(lib_a-isattyr.o)
                0x000000000800da10                _isatty_r
 .text.__ascii_mbtowc
                0x000000000800da30       0x24 /opt/st/stm32cubeide_1.2.0/plugins/com.st.stm32cube.ide.mcu.externaltools.gnu-tools-for-stm32.7-2018-q2-update.linux64_1.0.0.201904181610/tools/bin/../lib/gcc/arm-none-eabi/7.3.1/../../../../arm-none-eabi/lib/thumb/v7e-m/fpv5/hard/libc_nano.a(lib_a-mbtowc_r.o)
                0x000000000800da30                __ascii_mbtowc
 .text.__ascii_wctomb
                0x000000000800da54       0x1a /opt/st/stm32cubeide_1.2.0/plugins/com.st.stm32cube.ide.mcu.externaltools.gnu-tools-for-stm32.7-2018-q2-update.linux64_1.0.0.201904181610/tools/bin/../lib/gcc/arm-none-eabi/7.3.1/../../../../arm-none-eabi/lib/thumb/v7e-m/fpv5/hard/libc_nano.a(lib_a-wctomb_r.o)
                0x000000000800da54                __ascii_wctomb
 *(.glue_7)
 .glue_7        0x000000000800da6e        0x0 linker stubs
 *(.glue_7t)
 .glue_7t       0x000000000800da6e        0x0 linker stubs
 *(.eh_frame)
 *fill*         0x000000000800da6e        0x2 
 .eh_frame      0x000000000800da70        0x0 /opt/st/stm32cubeide_1.2.0/plugins/com.st.stm32cube.ide.mcu.externaltools.gnu-tools-for-stm32.7-2018-q2-update.linux64_1.0.0.201904181610/tools/bin/../lib/gcc/arm-none-eabi/7.3.1/thumb/v7e-m/fpv5/hard/crtbegin.o
 *(.init)
 .init          0x000000000800da70        0x4 /opt/st/stm32cubeide_1.2.0/plugins/com.st.stm32cube.ide.mcu.externaltools.gnu-tools-for-stm32.7-2018-q2-update.linux64_1.0.0.201904181610/tools/bin/../lib/gcc/arm-none-eabi/7.3.1/thumb/v7e-m/fpv5/hard/crti.o
                0x000000000800da70                _init
 .init          0x000000000800da74        0x8 /opt/st/stm32cubeide_1.2.0/plugins/com.st.stm32cube.ide.mcu.externaltools.gnu-tools-for-stm32.7-2018-q2-update.linux64_1.0.0.201904181610/tools/bin/../lib/gcc/arm-none-eabi/7.3.1/thumb/v7e-m/fpv5/hard/crtn.o
 *(.fini)
 .fini          0x000000000800da7c        0x4 /opt/st/stm32cubeide_1.2.0/plugins/com.st.stm32cube.ide.mcu.externaltools.gnu-tools-for-stm32.7-2018-q2-update.linux64_1.0.0.201904181610/tools/bin/../lib/gcc/arm-none-eabi/7.3.1/thumb/v7e-m/fpv5/hard/crti.o
                0x000000000800da7c                _fini
 .fini          0x000000000800da80        0x8 /opt/st/stm32cubeide_1.2.0/plugins/com.st.stm32cube.ide.mcu.externaltools.gnu-tools-for-stm32.7-2018-q2-update.linux64_1.0.0.201904181610/tools/bin/../lib/gcc/arm-none-eabi/7.3.1/thumb/v7e-m/fpv5/hard/crtn.o
                0x000000000800da88                . = ALIGN (0x4)
                0x000000000800da88                _etext = .

.vfp11_veneer   0x000000000800da88        0x0
 .vfp11_veneer  0x000000000800da88        0x0 linker stubs

.v4_bx          0x000000000800da88        0x0
 .v4_bx         0x000000000800da88        0x0 linker stubs

.iplt           0x000000000800da88        0x0
 .iplt          0x000000000800da88        0x0 /opt/st/stm32cubeide_1.2.0/plugins/com.st.stm32cube.ide.mcu.externaltools.gnu-tools-for-stm32.7-2018-q2-update.linux64_1.0.0.201904181610/tools/bin/../lib/gcc/arm-none-eabi/7.3.1/thumb/v7e-m/fpv5/hard/crtbegin.o

.rodata         0x000000000800da88      0xfe0
                0x000000000800da88                . = ALIGN (0x4)
 *(.rodata)
 .rodata        0x000000000800da88      0xbc5 Application/User/aiSystemPerformance.o
 *fill*         0x000000000800e64d        0x3 
 .rodata        0x000000000800e650        0x8 Application/User/app_x-cube-ai.o
 .rodata        0x000000000800e658       0x6c Application/User/network.o
 .rodata        0x000000000800e6c4       0x10 Drivers/STM32H7xx_HAL_Driver/stm32h7xx_hal_uart_ex.o
 .rodata        0x000000000800e6d4        0x4 ../../Middlewares/ST/AI/Lib/NetworkRuntime511_CM7_GCC.a(layers.o)
 *(.rodata*)
 .rodata.networks
                0x000000000800e6d8       0x60 Application/User/app_x-cube-ai.o
 .rodata.dense_chain
                0x000000000800e738        0x8 Application/User/network.o
 .rodata.dense_1_chain
                0x000000000800e740        0x8 Application/User/network.o
 .rodata.s_network_weights.5656
                0x000000000800e748       0x40 Application/User/network_data.o
 .rodata.D1CorePrescTable
                0x000000000800e788       0x10 Drivers/CMSIS/system_stm32h7xx.o
                0x000000000800e788                D1CorePrescTable
 .rodata.ai_platform_runtime_get_revision.str1.4
                0x000000000800e798        0x4 ../../Middlewares/ST/AI/Lib/NetworkRuntime511_CM7_GCC.a(ai_platform_interface.o)
                                          0x1 (size before relaxing)
 .rodata.v.8034
                0x000000000800e79c        0x4 ../../Middlewares/ST/AI/Lib/NetworkRuntime511_CM7_GCC.a(ai_platform_interface.o)
 .rodata.v.8038
                0x000000000800e7a0        0x4 ../../Middlewares/ST/AI/Lib/NetworkRuntime511_CM7_GCC.a(ai_platform_interface.o)
 .rodata.v.8042
                0x000000000800e7a4        0x4 ../../Middlewares/ST/AI/Lib/NetworkRuntime511_CM7_GCC.a(ai_platform_interface.o)
 .rodata.__sf_fake_stderr
                0x000000000800e7a8       0x20 /opt/st/stm32cubeide_1.2.0/plugins/com.st.stm32cube.ide.mcu.externaltools.gnu-tools-for-stm32.7-2018-q2-update.linux64_1.0.0.201904181610/tools/bin/../lib/gcc/arm-none-eabi/7.3.1/../../../../arm-none-eabi/lib/thumb/v7e-m/fpv5/hard/libc_nano.a(lib_a-findfp.o)
                0x000000000800e7a8                __sf_fake_stderr
 .rodata.__sf_fake_stdin
                0x000000000800e7c8       0x20 /opt/st/stm32cubeide_1.2.0/plugins/com.st.stm32cube.ide.mcu.externaltools.gnu-tools-for-stm32.7-2018-q2-update.linux64_1.0.0.201904181610/tools/bin/../lib/gcc/arm-none-eabi/7.3.1/../../../../arm-none-eabi/lib/thumb/v7e-m/fpv5/hard/libc_nano.a(lib_a-findfp.o)
                0x000000000800e7c8                __sf_fake_stdin
 .rodata.__sf_fake_stdout
                0x000000000800e7e8       0x20 /opt/st/stm32cubeide_1.2.0/plugins/com.st.stm32cube.ide.mcu.externaltools.gnu-tools-for-stm32.7-2018-q2-update.linux64_1.0.0.201904181610/tools/bin/../lib/gcc/arm-none-eabi/7.3.1/../../../../arm-none-eabi/lib/thumb/v7e-m/fpv5/hard/libc_nano.a(lib_a-findfp.o)
                0x000000000800e7e8                __sf_fake_stdout
 .rodata._global_impure_ptr
                0x000000000800e808        0x4 /opt/st/stm32cubeide_1.2.0/plugins/com.st.stm32cube.ide.mcu.externaltools.gnu-tools-for-stm32.7-2018-q2-update.linux64_1.0.0.201904181610/tools/bin/../lib/gcc/arm-none-eabi/7.3.1/../../../../arm-none-eabi/lib/thumb/v7e-m/fpv5/hard/libc_nano.a(lib_a-impure.o)
                0x000000000800e808                _global_impure_ptr
 .rodata._printf_float.str1.1
                0x000000000800e80c       0x12 /opt/st/stm32cubeide_1.2.0/plugins/com.st.stm32cube.ide.mcu.externaltools.gnu-tools-for-stm32.7-2018-q2-update.linux64_1.0.0.201904181610/tools/bin/../lib/gcc/arm-none-eabi/7.3.1/../../../../arm-none-eabi/lib/thumb/v7e-m/fpv5/hard/libc_nano.a(lib_a-nano-vfprintf_float.o)
 .rodata._printf_i.str1.1
                0x000000000800e81e       0x22 /opt/st/stm32cubeide_1.2.0/plugins/com.st.stm32cube.ide.mcu.externaltools.gnu-tools-for-stm32.7-2018-q2-update.linux64_1.0.0.201904181610/tools/bin/../lib/gcc/arm-none-eabi/7.3.1/../../../../arm-none-eabi/lib/thumb/v7e-m/fpv5/hard/libc_nano.a(lib_a-nano-vfprintf_i.o)
 .rodata._dtoa_r.str1.1
                0x000000000800e840        0xd /opt/st/stm32cubeide_1.2.0/plugins/com.st.stm32cube.ide.mcu.externaltools.gnu-tools-for-stm32.7-2018-q2-update.linux64_1.0.0.201904181610/tools/bin/../lib/gcc/arm-none-eabi/7.3.1/../../../../arm-none-eabi/lib/thumb/v7e-m/fpv5/hard/libc_nano.a(lib_a-dtoa.o)
                                          0xf (size before relaxing)
 *fill*         0x000000000800e84d        0x3 
 .rodata.__mprec_bigtens
                0x000000000800e850       0x28 /opt/st/stm32cubeide_1.2.0/plugins/com.st.stm32cube.ide.mcu.externaltools.gnu-tools-for-stm32.7-2018-q2-update.linux64_1.0.0.201904181610/tools/bin/../lib/gcc/arm-none-eabi/7.3.1/../../../../arm-none-eabi/lib/thumb/v7e-m/fpv5/hard/libc_nano.a(lib_a-mprec.o)
                0x000000000800e850                __mprec_bigtens
 .rodata.__mprec_tens
                0x000000000800e878       0xc8 /opt/st/stm32cubeide_1.2.0/plugins/com.st.stm32cube.ide.mcu.externaltools.gnu-tools-for-stm32.7-2018-q2-update.linux64_1.0.0.201904181610/tools/bin/../lib/gcc/arm-none-eabi/7.3.1/../../../../arm-none-eabi/lib/thumb/v7e-m/fpv5/hard/libc_nano.a(lib_a-mprec.o)
                0x000000000800e878                __mprec_tens
 .rodata.p05.7359
                0x000000000800e940        0xc /opt/st/stm32cubeide_1.2.0/plugins/com.st.stm32cube.ide.mcu.externaltools.gnu-tools-for-stm32.7-2018-q2-update.linux64_1.0.0.201904181610/tools/bin/../lib/gcc/arm-none-eabi/7.3.1/../../../../arm-none-eabi/lib/thumb/v7e-m/fpv5/hard/libc_nano.a(lib_a-mprec.o)
 .rodata._vfprintf_r.str1.1
                0x000000000800e94c       0x11 /opt/st/stm32cubeide_1.2.0/plugins/com.st.stm32cube.ide.mcu.externaltools.gnu-tools-for-stm32.7-2018-q2-update.linux64_1.0.0.201904181610/tools/bin/../lib/gcc/arm-none-eabi/7.3.1/../../../../arm-none-eabi/lib/thumb/v7e-m/fpv5/hard/libc_nano.a(lib_a-nano-vfprintf.o)
 .rodata._setlocale_r.str1.1
                0x000000000800e95d        0x8 /opt/st/stm32cubeide_1.2.0/plugins/com.st.stm32cube.ide.mcu.externaltools.gnu-tools-for-stm32.7-2018-q2-update.linux64_1.0.0.201904181610/tools/bin/../lib/gcc/arm-none-eabi/7.3.1/../../../../arm-none-eabi/lib/thumb/v7e-m/fpv5/hard/libc_nano.a(lib_a-locale.o)
                                          0x9 (size before relaxing)
 .rodata.str1.1
                0x000000000800e965        0x2 /opt/st/stm32cubeide_1.2.0/plugins/com.st.stm32cube.ide.mcu.externaltools.gnu-tools-for-stm32.7-2018-q2-update.linux64_1.0.0.201904181610/tools/bin/../lib/gcc/arm-none-eabi/7.3.1/../../../../arm-none-eabi/lib/thumb/v7e-m/fpv5/hard/libc_nano.a(lib_a-locale.o)
 .rodata._ctype_
                0x000000000800e967      0x101 /opt/st/stm32cubeide_1.2.0/plugins/com.st.stm32cube.ide.mcu.externaltools.gnu-tools-for-stm32.7-2018-q2-update.linux64_1.0.0.201904181610/tools/bin/../lib/gcc/arm-none-eabi/7.3.1/../../../../arm-none-eabi/lib/thumb/v7e-m/fpv5/hard/libc_nano.a(lib_a-ctype_.o)
                0x000000000800e967                _ctype_
                0x000000000800ea68                . = ALIGN (0x4)

.ARM.extab      0x000000000800ea68        0x0
                0x000000000800ea68                . = ALIGN (0x4)
 *(.ARM.extab* .gnu.linkonce.armextab.*)
                0x000000000800ea68                . = ALIGN (0x4)

.ARM            0x000000000800ea68        0x8
                0x000000000800ea68                . = ALIGN (0x4)
                0x000000000800ea68                __exidx_start = .
 *(.ARM.exidx*)
 .ARM.exidx     0x000000000800ea68        0x8 /opt/st/stm32cubeide_1.2.0/plugins/com.st.stm32cube.ide.mcu.externaltools.gnu-tools-for-stm32.7-2018-q2-update.linux64_1.0.0.201904181610/tools/bin/../lib/gcc/arm-none-eabi/7.3.1/thumb/v7e-m/fpv5/hard/libgcc.a(_udivmoddi4.o)
                0x000000000800ea70                __exidx_end = .
                0x000000000800ea70                . = ALIGN (0x4)

.rel.dyn        0x000000000800ea70        0x0
 .rel.iplt      0x000000000800ea70        0x0 /opt/st/stm32cubeide_1.2.0/plugins/com.st.stm32cube.ide.mcu.externaltools.gnu-tools-for-stm32.7-2018-q2-update.linux64_1.0.0.201904181610/tools/bin/../lib/gcc/arm-none-eabi/7.3.1/thumb/v7e-m/fpv5/hard/crtbegin.o

.preinit_array  0x000000000800ea70        0x0
                0x000000000800ea70                . = ALIGN (0x4)
                0x000000000800ea70                PROVIDE (__preinit_array_start = .)
 *(.preinit_array*)
                0x000000000800ea70                PROVIDE (__preinit_array_end = .)
                0x000000000800ea70                . = ALIGN (0x4)

.init_array     0x000000000800ea70        0x4
                0x000000000800ea70                . = ALIGN (0x4)
                0x000000000800ea70                PROVIDE (__init_array_start = .)
 *(SORT_BY_NAME(.init_array.*))
 *(.init_array*)
 .init_array    0x000000000800ea70        0x4 /opt/st/stm32cubeide_1.2.0/plugins/com.st.stm32cube.ide.mcu.externaltools.gnu-tools-for-stm32.7-2018-q2-update.linux64_1.0.0.201904181610/tools/bin/../lib/gcc/arm-none-eabi/7.3.1/thumb/v7e-m/fpv5/hard/crtbegin.o
                0x000000000800ea74                PROVIDE (__init_array_end = .)
                0x000000000800ea74                . = ALIGN (0x4)

.fini_array     0x000000000800ea74        0x4
                0x000000000800ea74                . = ALIGN (0x4)
                [!provide]                        PROVIDE (__fini_array_start = .)
 *(SORT_BY_NAME(.fini_array.*))
 *(.fini_array*)
 .fini_array    0x000000000800ea74        0x4 /opt/st/stm32cubeide_1.2.0/plugins/com.st.stm32cube.ide.mcu.externaltools.gnu-tools-for-stm32.7-2018-q2-update.linux64_1.0.0.201904181610/tools/bin/../lib/gcc/arm-none-eabi/7.3.1/thumb/v7e-m/fpv5/hard/crtbegin.o
                [!provide]                        PROVIDE (__fini_array_end = .)
                0x000000000800ea78                . = ALIGN (0x4)
                0x000000000800ea78                _sidata = LOADADDR (.data)

.data           0x0000000024000000      0x53c load address 0x000000000800ea78
                0x0000000024000000                . = ALIGN (0x4)
                0x0000000024000000                _sdata = .
 *(.data)
 *(.data*)
 .data.g_network
                0x0000000024000000       0x60 Application/User/network.o
 .data.dense_1_bias_array
                0x0000000024000060       0x10 Application/User/network.o
 .data.dense_1_weights_array
                0x0000000024000070       0x10 Application/User/network.o
 .data.dense_bias_array
                0x0000000024000080       0x10 Application/User/network.o
 .data.dense_weights_array
                0x0000000024000090       0x10 Application/User/network.o
 .data.input_0_output_array
                0x00000000240000a0       0x10 Application/User/network.o
 .data.dense_output_array
                0x00000000240000b0       0x10 Application/User/network.o
 .data.dense_1_output_array
                0x00000000240000c0       0x10 Application/User/network.o
 .data.dense_1_bias
                0x00000000240000d0       0x1c Application/User/network.o
 .data.dense_1_weights
                0x00000000240000ec       0x1c Application/User/network.o
 .data.dense_bias
                0x0000000024000108       0x1c Application/User/network.o
 .data.dense_weights
                0x0000000024000124       0x1c Application/User/network.o
 .data.input_0_output
                0x0000000024000140       0x1c Application/User/network.o
 .data.dense_output
                0x000000002400015c       0x1c Application/User/network.o
 .data.dense_1_output
                0x0000000024000178       0x1c Application/User/network.o
 .data.dense_layer
                0x0000000024000194       0x18 Application/User/network.o
 .data.dense_1_layer
                0x00000000240001ac       0x18 Application/User/network.o
 .data.__compound_literal.0
                0x00000000240001c4       0x10 Application/User/network.o
 .data.__compound_literal.1
                0x00000000240001d4       0x10 Application/User/network.o
 .data.__compound_literal.2
                0x00000000240001e4       0x10 Application/User/network.o
 .data.__compound_literal.3
                0x00000000240001f4       0x10 Application/User/network.o
 .data.__compound_literal.4
                0x0000000024000204       0x10 Application/User/network.o
 .data.__compound_literal.5
                0x0000000024000214       0x10 Application/User/network.o
 .data.__compound_literal.6
                0x0000000024000224       0x10 Application/User/network.o
 .data.__compound_literal.7
                0x0000000024000234       0x10 Application/User/network.o
 .data.__compound_literal.8
                0x0000000024000244       0x10 Application/User/network.o
 .data.__compound_literal.9
                0x0000000024000254       0x10 Application/User/network.o
 .data.__compound_literal.10
                0x0000000024000264       0x10 Application/User/network.o
 .data.__compound_literal.11
                0x0000000024000274       0x10 Application/User/network.o
 .data.__compound_literal.12
                0x0000000024000284       0x10 Application/User/network.o
 .data.__compound_literal.13
                0x0000000024000294       0x10 Application/User/network.o
 .data.__compound_literal.14
                0x00000000240002a4        0x4 Application/User/network.o
 .data.__compound_literal.15
                0x00000000240002a8        0x4 Application/User/network.o
 .data.__compound_literal.16
                0x00000000240002ac        0x8 Application/User/network.o
 .data.__compound_literal.18
                0x00000000240002b4       0x30 Application/User/network.o
 .data.__compound_literal.19
                0x00000000240002e4        0x4 Application/User/network.o
 .data.__compound_literal.20
                0x00000000240002e8        0x4 Application/User/network.o
 .data.__compound_literal.21
                0x00000000240002ec        0x8 Application/User/network.o
 .data.__compound_literal.23
                0x00000000240002f4       0x30 Application/User/network.o
 .data.__compound_literal.24
                0x0000000024000324        0x4 Application/User/network.o
 .data.__compound_literal.28
                0x0000000024000328        0xc Application/User/network.o
 .data.__compound_literal.29
                0x0000000024000334        0x4 Application/User/network.o
 .data.__compound_literal.33
                0x0000000024000338        0xc Application/User/network.o
 .data.__compound_literal.34
                0x0000000024000344       0x18 Application/User/network.o
 .data.SystemCoreClock
                0x000000002400035c        0x4 Drivers/CMSIS/system_stm32h7xx.o
                0x000000002400035c                SystemCoreClock
 .data.SystemD2Clock
                0x0000000024000360        0x4 Drivers/CMSIS/system_stm32h7xx.o
                0x0000000024000360                SystemD2Clock
 .data.uwTickPrio
                0x0000000024000364        0x4 Drivers/STM32H7xx_HAL_Driver/stm32h7xx_hal.o
                0x0000000024000364                uwTickPrio
 .data.uwTickFreq
                0x0000000024000368        0x1 Drivers/STM32H7xx_HAL_Driver/stm32h7xx_hal.o
                0x0000000024000368                uwTickFreq
 *fill*         0x0000000024000369        0x3 
 .data._impure_ptr
                0x000000002400036c        0x4 /opt/st/stm32cubeide_1.2.0/plugins/com.st.stm32cube.ide.mcu.externaltools.gnu-tools-for-stm32.7-2018-q2-update.linux64_1.0.0.201904181610/tools/bin/../lib/gcc/arm-none-eabi/7.3.1/../../../../arm-none-eabi/lib/thumb/v7e-m/fpv5/hard/libc_nano.a(lib_a-impure.o)
                0x000000002400036c                _impure_ptr
 .data.impure_data
                0x0000000024000370       0x60 /opt/st/stm32cubeide_1.2.0/plugins/com.st.stm32cube.ide.mcu.externaltools.gnu-tools-for-stm32.7-2018-q2-update.linux64_1.0.0.201904181610/tools/bin/../lib/gcc/arm-none-eabi/7.3.1/../../../../arm-none-eabi/lib/thumb/v7e-m/fpv5/hard/libc_nano.a(lib_a-impure.o)
 .data.__global_locale
                0x00000000240003d0      0x16c /opt/st/stm32cubeide_1.2.0/plugins/com.st.stm32cube.ide.mcu.externaltools.gnu-tools-for-stm32.7-2018-q2-update.linux64_1.0.0.201904181610/tools/bin/../lib/gcc/arm-none-eabi/7.3.1/../../../../arm-none-eabi/lib/thumb/v7e-m/fpv5/hard/libc_nano.a(lib_a-locale.o)
                0x00000000240003d0                __global_locale
                0x000000002400053c                . = ALIGN (0x4)
                0x000000002400053c                _edata = .

.igot.plt       0x000000002400053c        0x0 load address 0x000000000800efb4
 .igot.plt      0x000000002400053c        0x0 /opt/st/stm32cubeide_1.2.0/plugins/com.st.stm32cube.ide.mcu.externaltools.gnu-tools-for-stm32.7-2018-q2-update.linux64_1.0.0.201904181610/tools/bin/../lib/gcc/arm-none-eabi/7.3.1/thumb/v7e-m/fpv5/hard/crtbegin.o

.RxDecripSection
                0x000000002400053c       0x60 load address 0x000000000800efb4
 .RxDecripSection
                0x000000002400053c       0x60 Application/User/main.o
                0x000000002400053c                DMARxDscrTab

.TxDecripSection
                0x000000002400059c       0x60 load address 0x000000000800f014
 .TxDecripSection
                0x000000002400059c       0x60 Application/User/main.o
                0x000000002400059c                DMATxDscrTab
                0x00000000240005fc                . = ALIGN (0x4)

.bss            0x00000000240005fc      0x6c4 load address 0x000000000800f074
                0x00000000240005fc                _sbss = .
                0x00000000240005fc                __bss_start__ = _sbss
 *(.bss)
 .bss           0x00000000240005fc       0x1c /opt/st/stm32cubeide_1.2.0/plugins/com.st.stm32cube.ide.mcu.externaltools.gnu-tools-for-stm32.7-2018-q2-update.linux64_1.0.0.201904181610/tools/bin/../lib/gcc/arm-none-eabi/7.3.1/thumb/v7e-m/fpv5/hard/crtbegin.o
 *(.bss*)
 .bss.cyclesCount
                0x0000000024000618        0xc Application/User/aiSystemPerformance.o
 .bss.net_exec_ctx
                0x0000000024000624       0x78 Application/User/aiSystemPerformance.o
                0x0000000024000624                net_exec_ctx
 .bss.activations
                0x000000002400069c       0x14 Application/User/aiSystemPerformance.o
 .bss.gnetworks
                0x00000000240006b0       0x38 Application/User/app_x-cube-ai.o
 .bss.__compound_literal.17
                0x00000000240006e8        0x4 Application/User/network.o
 .bss.__compound_literal.22
                0x00000000240006ec        0x4 Application/User/network.o
 .bss.__compound_literal.25
                0x00000000240006f0       0x18 Application/User/network.o
 .bss.__compound_literal.26
                0x0000000024000708       0x10 Application/User/network.o
 .bss.__compound_literal.27
                0x0000000024000718        0x8 Application/User/network.o
 .bss.__compound_literal.30
                0x0000000024000720       0x18 Application/User/network.o
 .bss.__compound_literal.31
                0x0000000024000738       0x10 Application/User/network.o
 .bss.__compound_literal.32
                0x0000000024000748        0x8 Application/User/network.o
 .bss.heap_end.6424
                0x0000000024000750        0x4 Application/User/sysmem.o
 .bss.__malloc_free_list
                0x0000000024000754        0x4 /opt/st/stm32cubeide_1.2.0/plugins/com.st.stm32cube.ide.mcu.externaltools.gnu-tools-for-stm32.7-2018-q2-update.linux64_1.0.0.201904181610/tools/bin/../lib/gcc/arm-none-eabi/7.3.1/../../../../arm-none-eabi/lib/thumb/v7e-m/fpv5/hard/libc_nano.a(lib_a-nano-mallocr.o)
                0x0000000024000754                __malloc_free_list
 .bss.__malloc_sbrk_start
                0x0000000024000758        0x4 /opt/st/stm32cubeide_1.2.0/plugins/com.st.stm32cube.ide.mcu.externaltools.gnu-tools-for-stm32.7-2018-q2-update.linux64_1.0.0.201904181610/tools/bin/../lib/gcc/arm-none-eabi/7.3.1/../../../../arm-none-eabi/lib/thumb/v7e-m/fpv5/hard/libc_nano.a(lib_a-nano-mallocr.o)
                0x0000000024000758                __malloc_sbrk_start
 *(COMMON)
 COMMON         0x000000002400075c      0x55c Application/User/main.o
                0x000000002400075c                huart3
                0x00000000240007e8                hpcd_USB_OTG_FS
                0x0000000024000bf0                hcrc
                0x0000000024000c14                heth
                0x0000000024000c84                TxConfig
 COMMON         0x0000000024000cb8        0x4 Drivers/STM32H7xx_HAL_Driver/stm32h7xx_hal.o
                0x0000000024000cb8                uwTick
 COMMON         0x0000000024000cbc        0x4 /opt/st/stm32cubeide_1.2.0/plugins/com.st.stm32cube.ide.mcu.externaltools.gnu-tools-for-stm32.7-2018-q2-update.linux64_1.0.0.201904181610/tools/bin/../lib/gcc/arm-none-eabi/7.3.1/../../../../arm-none-eabi/lib/thumb/v7e-m/fpv5/hard/libc_nano.a(lib_a-reent.o)
                0x0000000024000cbc                errno
                0x0000000024000cc0                . = ALIGN (0x4)
                0x0000000024000cc0                _ebss = .
                0x0000000024000cc0                __bss_end__ = _ebss

._user_heap_stack
                0x0000000024000cc0      0xa00 load address 0x000000000800f074
                0x0000000024000cc0                . = ALIGN (0x8)
                0x0000000024000cc0                PROVIDE (end = .)
                [!provide]                        PROVIDE (_end = .)
                0x0000000024000ec0                . = (. + _Min_Heap_Size)
 *fill*         0x0000000024000cc0      0x200 
                0x00000000240016c0                . = (. + _Min_Stack_Size)
 *fill*         0x0000000024000ec0      0x800 
                0x00000000240016c0                . = ALIGN (0x8)

/DISCARD/
 libc.a(*)
 libm.a(*)
 libgcc.a(*)

.ARM.attributes
                0x0000000000000000       0x2e
 *(.ARM.attributes)
 .ARM.attributes
                0x0000000000000000       0x20 /opt/st/stm32cubeide_1.2.0/plugins/com.st.stm32cube.ide.mcu.externaltools.gnu-tools-for-stm32.7-2018-q2-update.linux64_1.0.0.201904181610/tools/bin/../lib/gcc/arm-none-eabi/7.3.1/thumb/v7e-m/fpv5/hard/crti.o
 .ARM.attributes