aiSystemPerformance.c:165:22:crcIpInit	16	static
aiSystemPerformance.c:179:22:dwtIpInit	4	static
aiSystemPerformance.c:192:22:dwtReset	4	static
aiSystemPerformance.c:197:26:dwtGetCycles	4	static
aiSystemPerformance.c:202:22:cyclesCounterInit	24	static
aiSystemPerformance.c:210:22:cyclesCounterStart	8	static
aiSystemPerformance.c:217:26:cyclesCounterEnd	64	static
aiSystemPerformance.c:238:26:systemCoreClock	8	static
aiSystemPerformance.c:247:12:dwtCyclesToTime	80	static
aiSystemPerformance.c:264:29:devIdToStr	24	static
aiSystemPerformance.c:288:29:bitToStr	16	static
aiSystemPerformance.c:297:22:logDeviceConf	48	static
aiSystemPerformance.c:415:12:ioGetUint8	32	static
aiSystemPerformance.c:436:5:_write	32	static
aiSystemPerformance.c:454:7:__wrap_malloc	24	static
aiSystemPerformance.c:485:6:__wrap_free	24	static
aiSystemPerformance.c:609:22:aiLogErr	16	static
aiSystemPerformance.c:618:22:aiPrintLayoutBuffer	48	static
aiSystemPerformance.c:653:22:aiPrintNetworkInfo	24	static
aiSystemPerformance.c:685:12:aiBootstrap	80	static
aiSystemPerformance.c:745:12:aiInit	16	static
aiSystemPerformance.c:770:13:aiDeInit	16	static
aiSystemPerformance.c:808:15:user_observer_cb	56	static
aiSystemPerformance.c:831:6:aiObserverInit	80	static
aiSystemPerformance.c:872:6:aiObserverDone	176	static
aiSystemPerformance.c:958:12:aiTestPerformance	264	static,ignoring_inline_asm
aiSystemPerformance.c:1271:12:aiTestConsole	16	static
aiSystemPerformance.c:1305:5:aiSystemPerformanceInit	8	static
aiSystemPerformance.c:1335:5:aiSystemPerformanceProcess	88	static
aiSystemPerformance.c:1453:6:aiSystemPerformanceDeInit	8	static
